11:41:06 **** Incremental Build of configuration Debug for project OV_7670_ARM ****
make pre-build main-build 
a9-linaro-pre-build-step
 
Building file: ../src/application.c
Invoking: ARM v7 gcc compiler
arm-none-eabi-gcc -Wall -O0 -g3 -c -fmessage-length=0 -MT"src/application.o" -mcpu=cortex-a9 -mfpu=vfpv3 -mfloat-abi=hard -I../../OV_7670_ARM_bsp/ps7_cortexa9_0/include -MMD -MP -MF"src/application.d" -MT"src/application.o" -o "src/application.o" "../src/application.c"
In file included from ../src/platform.h:18:0,
                 from ../src/interrupts.h:15,
                 from ../src/application.h:19,
                 from ../src/application.c:9:
../src/mux_sd_ov.h:6:19: warning: 'mux' defined but not used [-Wunused-variable]
 static XMux_sd_ov mux;
                   ^~~
Finished building: ../src/application.c
 
Building target: OV_7670_ARM.elf
Invoking: ARM v7 gcc linker
arm-none-eabi-gcc -mcpu=cortex-a9 -mfpu=vfpv3 -mfloat-abi=hard -Wl,-build-id=none -specs=Xilinx.spec -Wl,-T -Wl,../src/lscript.ld -L../../OV_7670_ARM_bsp/ps7_cortexa9_0/lib -o "OV_7670_ARM.elf"  ./src/application.o ./src/axi_gpio_frame_intr.o ./src/axi_gpio_pl_reset.o ./src/axis_to_ddr_writer.o ./src/convolution_filter.o ./src/ddr_to_axis_reader.o ./src/ddr_to_axis_reader_SD.o ./src/frame_buffer_interrupt.o ./src/i2c_interrupt.o ./src/interrupts.o ./src/main.o ./src/mux_sd_ov.o ./src/network.o ./src/ov7670_config_i2c.o ./src/platform.o ./src/read_sd_card.o ./src/tcp_connection.o ./src/test.o ./src/zynq_gic.o ./src/zynq_i2c.o   -Wl,--start-group,-lxil,-lgcc,-lc,--end-group -Wl,--start-group,-lxilffs,-lxil,-lgcc,-lc,--end-group -Wl,--start-group,-lxil,-llwip4,-lgcc,-lc,--end-group
Finished building target: OV_7670_ARM.elf
 
Invoking: ARM v7 Print Size
arm-none-eabi-size OV_7670_ARM.elf  |tee "OV_7670_ARM.elf.size"
   text	   data	    bss	    dec	    hex	filename
 207992	   4456	2218288	2430736	 251710	OV_7670_ARM.elf
Finished building: OV_7670_ARM.elf.size
 

11:41:06 Build Finished (took 665ms)

