14:14:12 **** Build of project ov7670_udp_bsp ****
make -k all 
"Running Make include in ps7_cortexa9_0/libsrc/axis_to_ddr_writer_v1_0/src"
make -C ps7_cortexa9_0/libsrc/axis_to_ddr_writer_v1_0/src -s include  "SHELL=CMD" "COMPILER=arm-xilinx-eabi-gcc" "ARCHIVER=arm-xilinx-eabi-ar" "COMPILER_FLAGS=  -O2 -c" "EXTRA_COMPILER_FLAGS=-g"
"Running Make include in ps7_cortexa9_0/libsrc/coresightps_dcc_v1_2/src"
make -C ps7_cortexa9_0/libsrc/coresightps_dcc_v1_2/src -s include  "SHELL=CMD" "COMPILER=arm-xilinx-eabi-gcc" "ARCHIVER=arm-xilinx-eabi-ar" "COMPILER_FLAGS=  -O2 -c" "EXTRA_COMPILER_FLAGS=-g"
"Running Make include in ps7_cortexa9_0/libsrc/cpu_cortexa9_v2_1/src"
make -C ps7_cortexa9_0/libsrc/cpu_cortexa9_v2_1/src -s include  "SHELL=CMD" "COMPILER=arm-xilinx-eabi-gcc" "ARCHIVER=arm-xilinx-eabi-ar" "COMPILER_FLAGS=  -O2 -c" "EXTRA_COMPILER_FLAGS=-g"
"Running Make include in ps7_cortexa9_0/libsrc/ddr_to_axis_reader_v1_0/src"
make -C ps7_cortexa9_0/libsrc/ddr_to_axis_reader_v1_0/src -s include  "SHELL=CMD" "COMPILER=arm-xilinx-eabi-gcc" "ARCHIVER=arm-xilinx-eabi-ar" "COMPILER_FLAGS=  -O2 -c" "EXTRA_COMPILER_FLAGS=-g"
"Running Make include in ps7_cortexa9_0/libsrc/ddrps_v1_0/src"
make -C ps7_cortexa9_0/libsrc/ddrps_v1_0/src -s include  "SHELL=CMD" "COMPILER=arm-xilinx-eabi-gcc" "ARCHIVER=arm-xilinx-eabi-ar" "COMPILER_FLAGS=  -O2 -c" "EXTRA_COMPILER_FLAGS=-g"
"Running Make include in ps7_cortexa9_0/libsrc/devcfg_v3_3/src"
make -C ps7_cortexa9_0/libsrc/devcfg_v3_3/src -s include  "SHELL=CMD" "COMPILER=arm-xilinx-eabi-gcc" "ARCHIVER=arm-xilinx-eabi-ar" "COMPILER_FLAGS=  -O2 -c" "EXTRA_COMPILER_FLAGS=-g"
"Running Make include in ps7_cortexa9_0/libsrc/dmaps_v2_1/src"
make -C ps7_cortexa9_0/libsrc/dmaps_v2_1/src -s include  "SHELL=CMD" "COMPILER=arm-xilinx-eabi-gcc" "ARCHIVER=arm-xilinx-eabi-ar" "COMPILER_FLAGS=  -O2 -c" "EXTRA_COMPILER_FLAGS=-g"
"Running Make include in ps7_cortexa9_0/libsrc/emacps_v3_1/src"
make -C ps7_cortexa9_0/libsrc/emacps_v3_1/src -s include  "SHELL=CMD" "COMPILER=arm-xilinx-eabi-gcc" "ARCHIVER=arm-xilinx-eabi-ar" "COMPILER_FLAGS=  -O2 -c" "EXTRA_COMPILER_FLAGS=-g"
"Running Make include in ps7_cortexa9_0/libsrc/gpio_v4_0/src"
make -C ps7_cortexa9_0/libsrc/gpio_v4_0/src -s include  "SHELL=CMD" "COMPILER=arm-xilinx-eabi-gcc" "ARCHIVER=arm-xilinx-eabi-ar" "COMPILER_FLAGS=  -O2 -c" "EXTRA_COMPILER_FLAGS=-g"
"Running Make include in ps7_cortexa9_0/libsrc/gpiops_v3_1/src"
make -C ps7_cortexa9_0/libsrc/gpiops_v3_1/src -s include  "SHELL=CMD" "COMPILER=arm-xilinx-eabi-gcc" "ARCHIVER=arm-xilinx-eabi-ar" "COMPILER_FLAGS=  -O2 -c" "EXTRA_COMPILER_FLAGS=-g"
"Running Make include in ps7_cortexa9_0/libsrc/lwip141_v1_3/src"
make -C ps7_cortexa9_0/libsrc/lwip141_v1_3/src -s include  "SHELL=CMD" "COMPILER=arm-xilinx-eabi-gcc" "ARCHIVER=arm-xilinx-eabi-ar" "COMPILER_FLAGS=  -O2 -c" "EXTRA_COMPILER_FLAGS=-g"
"Running Make include in ps7_cortexa9_0/libsrc/qspips_v3_2/src"
make -C ps7_cortexa9_0/libsrc/qspips_v3_2/src -s include  "SHELL=CMD" "COMPILER=arm-xilinx-eabi-gcc" "ARCHIVER=arm-xilinx-eabi-ar" "COMPILER_FLAGS=  -O2 -c" "EXTRA_COMPILER_FLAGS=-g"
"Running Make include in ps7_cortexa9_0/libsrc/scugic_v3_1/src"
make -C ps7_cortexa9_0/libsrc/scugic_v3_1/src -s include  "SHELL=CMD" "COMPILER=arm-xilinx-eabi-gcc" "ARCHIVER=arm-xilinx-eabi-ar" "COMPILER_FLAGS=  -O2 -c" "EXTRA_COMPILER_FLAGS=-g"
"Running Make include in ps7_cortexa9_0/libsrc/scutimer_v2_1/src"
make -C ps7_cortexa9_0/libsrc/scutimer_v2_1/src -s include  "SHELL=CMD" "COMPILER=arm-xilinx-eabi-gcc" "ARCHIVER=arm-xilinx-eabi-ar" "COMPILER_FLAGS=  -O2 -c" "EXTRA_COMPILER_FLAGS=-g"
"Running Make include in ps7_cortexa9_0/libsrc/scuwdt_v2_1/src"
make -C ps7_cortexa9_0/libsrc/scuwdt_v2_1/src -s include  "SHELL=CMD" "COMPILER=arm-xilinx-eabi-gcc" "ARCHIVER=arm-xilinx-eabi-ar" "COMPILER_FLAGS=  -O2 -c" "EXTRA_COMPILER_FLAGS=-g"
"Running Make include in ps7_cortexa9_0/libsrc/sdps_v2_6/src"
make -C ps7_cortexa9_0/libsrc/sdps_v2_6/src -s include  "SHELL=CMD" "COMPILER=arm-xilinx-eabi-gcc" "ARCHIVER=arm-xilinx-eabi-ar" "COMPILER_FLAGS=  -O2 -c" "EXTRA_COMPILER_FLAGS=-g"
"Running Make include in ps7_cortexa9_0/libsrc/standalone_v5_3/src"
make -C ps7_cortexa9_0/libsrc/standalone_v5_3/src -s include  "SHELL=CMD" "COMPILER=arm-xilinx-eabi-gcc" "ARCHIVER=arm-xilinx-eabi-ar" "COMPILER_FLAGS=  -O2 -c" "EXTRA_COMPILER_FLAGS=-g"
"Running Make include in ps7_cortexa9_0/libsrc/ttcps_v3_0/src"
make -C ps7_cortexa9_0/libsrc/ttcps_v3_0/src -s include  "SHELL=CMD" "COMPILER=arm-xilinx-eabi-gcc" "ARCHIVER=arm-xilinx-eabi-ar" "COMPILER_FLAGS=  -O2 -c" "EXTRA_COMPILER_FLAGS=-g"
"Running Make include in ps7_cortexa9_0/libsrc/uartps_v3_1/src"
make -C ps7_cortexa9_0/libsrc/uartps_v3_1/src -s include  "SHELL=CMD" "COMPILER=arm-xilinx-eabi-gcc" "ARCHIVER=arm-xilinx-eabi-ar" "COMPILER_FLAGS=  -O2 -c" "EXTRA_COMPILER_FLAGS=-g"
"Running Make include in ps7_cortexa9_0/libsrc/usbps_v2_2/src"
make -C ps7_cortexa9_0/libsrc/usbps_v2_2/src -s include  "SHELL=CMD" "COMPILER=arm-xilinx-eabi-gcc" "ARCHIVER=arm-xilinx-eabi-ar" "COMPILER_FLAGS=  -O2 -c" "EXTRA_COMPILER_FLAGS=-g"
"Running Make include in ps7_cortexa9_0/libsrc/xadcps_v2_2/src"
make -C ps7_cortexa9_0/libsrc/xadcps_v2_2/src -s include  "SHELL=CMD" "COMPILER=arm-xilinx-eabi-gcc" "ARCHIVER=arm-xilinx-eabi-ar" "COMPILER_FLAGS=  -O2 -c" "EXTRA_COMPILER_FLAGS=-g"
"Running Make libs in ps7_cortexa9_0/libsrc/axis_to_ddr_writer_v1_0/src"
make -C ps7_cortexa9_0/libsrc/axis_to_ddr_writer_v1_0/src -s libs  "SHELL=CMD" "COMPILER=arm-xilinx-eabi-gcc" "ARCHIVER=arm-xilinx-eabi-ar" "COMPILER_FLAGS=  -O2 -c" "EXTRA_COMPILER_FLAGS=-g"
"Compiling axis_to_ddr_writer"
arm-xilinx-eabi-ar: creating ../../../lib/libxil.a
"Running Make libs in ps7_cortexa9_0/libsrc/coresightps_dcc_v1_2/src"
make -C ps7_cortexa9_0/libsrc/coresightps_dcc_v1_2/src -s libs  "SHELL=CMD" "COMPILER=arm-xilinx-eabi-gcc" "ARCHIVER=arm-xilinx-eabi-ar" "COMPILER_FLAGS=  -O2 -c" "EXTRA_COMPILER_FLAGS=-g"
"Compiling coresightps_dcc"
"Running Make libs in ps7_cortexa9_0/libsrc/cpu_cortexa9_v2_1/src"
make -C ps7_cortexa9_0/libsrc/cpu_cortexa9_v2_1/src -s libs  "SHELL=CMD" "COMPILER=arm-xilinx-eabi-gcc" "ARCHIVER=arm-xilinx-eabi-ar" "COMPILER_FLAGS=  -O2 -c" "EXTRA_COMPILER_FLAGS=-g"
"Compiling cpu_cortexa9"
"Running Make libs in ps7_cortexa9_0/libsrc/ddr_to_axis_reader_v1_0/src"
make -C ps7_cortexa9_0/libsrc/ddr_to_axis_reader_v1_0/src -s libs  "SHELL=CMD" "COMPILER=arm-xilinx-eabi-gcc" "ARCHIVER=arm-xilinx-eabi-ar" "COMPILER_FLAGS=  -O2 -c" "EXTRA_COMPILER_FLAGS=-g"
"Compiling ddr_to_axis_reader"
"Running Make libs in ps7_cortexa9_0/libsrc/ddrps_v1_0/src"
make -C ps7_cortexa9_0/libsrc/ddrps_v1_0/src -s libs  "SHELL=CMD" "COMPILER=arm-xilinx-eabi-gcc" "ARCHIVER=arm-xilinx-eabi-ar" "COMPILER_FLAGS=  -O2 -c" "EXTRA_COMPILER_FLAGS=-g"
"Compiling ddrps"
"Running Make libs in ps7_cortexa9_0/libsrc/devcfg_v3_3/src"
make -C ps7_cortexa9_0/libsrc/devcfg_v3_3/src -s libs  "SHELL=CMD" "COMPILER=arm-xilinx-eabi-gcc" "ARCHIVER=arm-xilinx-eabi-ar" "COMPILER_FLAGS=  -O2 -c" "EXTRA_COMPILER_FLAGS=-g"
"Compiling devcfg"
"Running Make libs in ps7_cortexa9_0/libsrc/dmaps_v2_1/src"
make -C ps7_cortexa9_0/libsrc/dmaps_v2_1/src -s libs  "SHELL=CMD" "COMPILER=arm-xilinx-eabi-gcc" "ARCHIVER=arm-xilinx-eabi-ar" "COMPILER_FLAGS=  -O2 -c" "EXTRA_COMPILER_FLAGS=-g"
"Compiling dmaps"
"Running Make libs in ps7_cortexa9_0/libsrc/emacps_v3_1/src"
make -C ps7_cortexa9_0/libsrc/emacps_v3_1/src -s libs  "SHELL=CMD" "COMPILER=arm-xilinx-eabi-gcc" "ARCHIVER=arm-xilinx-eabi-ar" "COMPILER_FLAGS=  -O2 -c" "EXTRA_COMPILER_FLAGS=-g"
"Compiling emacps"
"Running Make libs in ps7_cortexa9_0/libsrc/gpio_v4_0/src"
make -C ps7_cortexa9_0/libsrc/gpio_v4_0/src -s libs  "SHELL=CMD" "COMPILER=arm-xilinx-eabi-gcc" "ARCHIVER=arm-xilinx-eabi-ar" "COMPILER_FLAGS=  -O2 -c" "EXTRA_COMPILER_FLAGS=-g"
"Compiling gpio"
"Running Make libs in ps7_cortexa9_0/libsrc/gpiops_v3_1/src"
make -C ps7_cortexa9_0/libsrc/gpiops_v3_1/src -s libs  "SHELL=CMD" "COMPILER=arm-xilinx-eabi-gcc" "ARCHIVER=arm-xilinx-eabi-ar" "COMPILER_FLAGS=  -O2 -c" "EXTRA_COMPILER_FLAGS=-g"
"Compiling gpiops"
"Running Make libs in ps7_cortexa9_0/libsrc/lwip141_v1_3/src"
make -C ps7_cortexa9_0/libsrc/lwip141_v1_3/src -s libs  "SHELL=CMD" "COMPILER=arm-xilinx-eabi-gcc" "ARCHIVER=arm-xilinx-eabi-ar" "COMPILER_FLAGS=  -O2 -c" "EXTRA_COMPILER_FLAGS=-g"
"Compiling lwip src and adapter files"
"Running Make libs in ps7_cortexa9_0/libsrc/qspips_v3_2/src"
make -C ps7_cortexa9_0/libsrc/qspips_v3_2/src -s libs  "SHELL=CMD" "COMPILER=arm-xilinx-eabi-gcc" "ARCHIVER=arm-xilinx-eabi-ar" "COMPILER_FLAGS=  -O2 -c" "EXTRA_COMPILER_FLAGS=-g"
"Compiling qspips"
"Running Make libs in ps7_cortexa9_0/libsrc/scugic_v3_1/src"
make -C ps7_cortexa9_0/libsrc/scugic_v3_1/src -s libs  "SHELL=CMD" "COMPILER=arm-xilinx-eabi-gcc" "ARCHIVER=arm-xilinx-eabi-ar" "COMPILER_FLAGS=  -O2 -c" "EXTRA_COMPILER_FLAGS=-g"
"Compiling scugic"
"Running Make libs in ps7_cortexa9_0/libsrc/scutimer_v2_1/src"
make -C ps7_cortexa9_0/libsrc/scutimer_v2_1/src -s libs  "SHELL=CMD" "COMPILER=arm-xilinx-eabi-gcc" "ARCHIVER=arm-xilinx-eabi-ar" "COMPILER_FLAGS=  -O2 -c" "EXTRA_COMPILER_FLAGS=-g"
"Compiling scutimer"
"Running Make libs in ps7_cortexa9_0/libsrc/scuwdt_v2_1/src"
make -C ps7_cortexa9_0/libsrc/scuwdt_v2_1/src -s libs  "SHELL=CMD" "COMPILER=arm-xilinx-eabi-gcc" "ARCHIVER=arm-xilinx-eabi-ar" "COMPILER_FLAGS=  -O2 -c" "EXTRA_COMPILER_FLAGS=-g"
"Compiling scuwdt"
"Running Make libs in ps7_cortexa9_0/libsrc/sdps_v2_6/src"
make -C ps7_cortexa9_0/libsrc/sdps_v2_6/src -s libs  "SHELL=CMD" "COMPILER=arm-xilinx-eabi-gcc" "ARCHIVER=arm-xilinx-eabi-ar" "COMPILER_FLAGS=  -O2 -c" "EXTRA_COMPILER_FLAGS=-g"
"Compiling sdps"
"Running Make libs in ps7_cortexa9_0/libsrc/standalone_v5_3/src"
make -C ps7_cortexa9_0/libsrc/standalone_v5_3/src -s libs  "SHELL=CMD" "COMPILER=arm-xilinx-eabi-gcc" "ARCHIVER=arm-xilinx-eabi-ar" "COMPILER_FLAGS=  -O2 -c" "EXTRA_COMPILER_FLAGS=-g"
"Compiling standalone"
"Running Make libs in ps7_cortexa9_0/libsrc/ttcps_v3_0/src"
make -C ps7_cortexa9_0/libsrc/ttcps_v3_0/src -s libs  "SHELL=CMD" "COMPILER=arm-xilinx-eabi-gcc" "ARCHIVER=arm-xilinx-eabi-ar" "COMPILER_FLAGS=  -O2 -c" "EXTRA_COMPILER_FLAGS=-g"
"Compiling ttcps"
"Running Make libs in ps7_cortexa9_0/libsrc/uartps_v3_1/src"
make -C ps7_cortexa9_0/libsrc/uartps_v3_1/src -s libs  "SHELL=CMD" "COMPILER=arm-xilinx-eabi-gcc" "ARCHIVER=arm-xilinx-eabi-ar" "COMPILER_FLAGS=  -O2 -c" "EXTRA_COMPILER_FLAGS=-g"
"Compiling uartps"
"Running Make libs in ps7_cortexa9_0/libsrc/usbps_v2_2/src"
make -C ps7_cortexa9_0/libsrc/usbps_v2_2/src -s libs  "SHELL=CMD" "COMPILER=arm-xilinx-eabi-gcc" "ARCHIVER=arm-xilinx-eabi-ar" "COMPILER_FLAGS=  -O2 -c" "EXTRA_COMPILER_FLAGS=-g"
"Compiling usbps"
"Running Make libs in ps7_cortexa9_0/libsrc/xadcps_v2_2/src"
make -C ps7_cortexa9_0/libsrc/xadcps_v2_2/src -s libs  "SHELL=CMD" "COMPILER=arm-xilinx-eabi-gcc" "ARCHIVER=arm-xilinx-eabi-ar" "COMPILER_FLAGS=  -O2 -c" "EXTRA_COMPILER_FLAGS=-g"
"Compiling xadcps"
'Finished building libraries'
14:14:40 **** Build of configuration Debug for project ov7670_udp ****
make all 
'Building file: ../src/echo.c'
'Invoking: ARM gcc compiler'
arm-xilinx-eabi-gcc -Wall -O0 -g3 -c -fmessage-length=0 -MT"src/echo.o" -I../../ov7670_udp_bsp/ps7_cortexa9_0/include -MMD -MP -MF"src/echo.d" -MT"src/echo.d" -o "src/echo.o" "../src/echo.c"
'Finished building: ../src/echo.c'
' '
'Building file: ../src/i2c_access.c'
'Invoking: ARM gcc compiler'
arm-xilinx-eabi-gcc -Wall -O0 -g3 -c -fmessage-length=0 -MT"src/i2c_access.o" -I../../ov7670_udp_bsp/ps7_cortexa9_0/include -MMD -MP -MF"src/i2c_access.d" -MT"src/i2c_access.d" -o "src/i2c_access.o" "../src/i2c_access.c"
'Finished building: ../src/i2c_access.c'
' '
'Building file: ../src/main.c'
'Invoking: ARM gcc compiler'
arm-xilinx-eabi-gcc -Wall -O0 -g3 -c -fmessage-length=0 -MT"src/main.o" -I../../ov7670_udp_bsp/ps7_cortexa9_0/include -MMD -MP -MF"src/main.d" -MT"src/main.d" -o "src/main.o" "../src/main.c"
'Finished building: ../src/main.c'
' '
'Building file: ../src/platform.c'
'Invoking: ARM gcc compiler'
arm-xilinx-eabi-gcc -Wall -O0 -g3 -c -fmessage-length=0 -MT"src/platform.o" -I../../ov7670_udp_bsp/ps7_cortexa9_0/include -MMD -MP -MF"src/platform.d" -MT"src/platform.d" -o "src/platform.o" "../src/platform.c"
'Finished building: ../src/platform.c'
' '
'Building file: ../src/platform_mb.c'
'Invoking: ARM gcc compiler'
arm-xilinx-eabi-gcc -Wall -O0 -g3 -c -fmessage-length=0 -MT"src/platform_mb.o" -I../../ov7670_udp_bsp/ps7_cortexa9_0/include -MMD -MP -MF"src/platform_mb.d" -MT"src/platform_mb.d" -o "src/platform_mb.o" "../src/platform_mb.c"
'Finished building: ../src/platform_mb.c'
' '
'Building file: ../src/platform_ppc.c'
'Invoking: ARM gcc compiler'
arm-xilinx-eabi-gcc -Wall -O0 -g3 -c -fmessage-length=0 -MT"src/platform_ppc.o" -I../../ov7670_udp_bsp/ps7_cortexa9_0/include -MMD -MP -MF"src/platform_ppc.d" -MT"src/platform_ppc.d" -o "src/platform_ppc.o" "../src/platform_ppc.c"
'Finished building: ../src/platform_ppc.c'
' '
'Building file: ../src/platform_zynq.c'
'Invoking: ARM gcc compiler'
arm-xilinx-eabi-gcc -Wall -O0 -g3 -c -fmessage-length=0 -MT"src/platform_zynq.o" -I../../ov7670_udp_bsp/ps7_cortexa9_0/include -MMD -MP -MF"src/platform_zynq.d" -MT"src/platform_zynq.d" -o "src/platform_zynq.o" "../src/platform_zynq.c"
'Finished building: ../src/platform_zynq.c'
' '
'Building file: ../src/platform_zynqmp.c'
'Invoking: ARM gcc compiler'
arm-xilinx-eabi-gcc -Wall -O0 -g3 -c -fmessage-length=0 -MT"src/platform_zynqmp.o" -I../../ov7670_udp_bsp/ps7_cortexa9_0/include -MMD -MP -MF"src/platform_zynqmp.d" -MT"src/platform_zynqmp.d" -o "src/platform_zynqmp.o" "../src/platform_zynqmp.c"
'Finished building: ../src/platform_zynqmp.c'
' '
'Building file: ../src/sfp.c'
'Invoking: ARM gcc compiler'
arm-xilinx-eabi-gcc -Wall -O0 -g3 -c -fmessage-length=0 -MT"src/sfp.o" -I../../ov7670_udp_bsp/ps7_cortexa9_0/include -MMD -MP -MF"src/sfp.d" -MT"src/sfp.d" -o "src/sfp.o" "../src/sfp.c"
'Finished building: ../src/sfp.c'
' '
'Building file: ../src/si5324.c'
'Invoking: ARM gcc compiler'
arm-xilinx-eabi-gcc -Wall -O0 -g3 -c -fmessage-length=0 -MT"src/si5324.o" -I../../ov7670_udp_bsp/ps7_cortexa9_0/include -MMD -MP -MF"src/si5324.d" -MT"src/si5324.d" -o "src/si5324.o" "../src/si5324.c"
'Finished building: ../src/si5324.c'
' '
'Building target: ov7670_udp.elf'
'Invoking: ARM gcc linker'
arm-xilinx-eabi-gcc -Wl,-T -Wl,../src/lscript.ld -L../../ov7670_udp_bsp/ps7_cortexa9_0/lib -o "ov7670_udp.elf"  ./src/echo.o ./src/i2c_access.o ./src/main.o ./src/platform.o ./src/platform_mb.o ./src/platform_ppc.o ./src/platform_zynq.o ./src/platform_zynqmp.o ./src/sfp.o ./src/si5324.o   -Wl,--start-group,-lxil,-lgcc,-lc,--end-group -Wl,--start-group,-lxil,-llwip4,-lgcc,-lc,--end-group
'Finished building target: ov7670_udp.elf'
' '
'Invoking: ARM Print Size'
arm-xilinx-eabi-size ov7670_udp.elf  |tee "ov7670_udp.elf.size"
   text	   data	    bss	    dec	    hex	filename
 103264	   3036	2218272	2324572	 23785c	ov7670_udp.elf
'Finished building: ov7670_udp.elf.size'
' '
14:14:43 **** Auto Build of configuration Debug for project ov7670_udp ****
make all 
make: Nothing to be done for `all'.
14:18:11 **** Clean-only build of configuration Debug for project ov7670_udp ****
make clean 
rm -rf  ./src/echo.o ./src/i2c_access.o ./src/main.o ./src/platform.o ./src/platform_mb.o ./src/platform_ppc.o ./src/platform_zynq.o ./src/platform_zynqmp.o ./src/sfp.o ./src/si5324.o  ./src/echo.d ./src/i2c_access.d ./src/main.d ./src/platform.d ./src/platform_mb.d ./src/platform_ppc.d ./src/platform_zynq.d ./src/platform_zynqmp.d ./src/sfp.d ./src/si5324.d  ov7670_udp.elf.size  ov7670_udp.elf
' '

****  of configuration Debug for project ov7670_udp ****

Nothing to build for project ov7670_udp
14:18:26 **** Auto Build of configuration Debug for project ov7670_udp ****
make all 
'Building file: ../src/drivers/xaxis_to_ddr_writer.c'
'Invoking: ARM gcc compiler'
arm-xilinx-eabi-gcc -Wall -O0 -g3 -c -fmessage-length=0 -MT"src/drivers/xaxis_to_ddr_writer.o" -I../../ov7670_udp_bsp/ps7_cortexa9_0/include -MMD -MP -MF"src/drivers/xaxis_to_ddr_writer.d" -MT"src/drivers/xaxis_to_ddr_writer.d" -o "src/drivers/xaxis_to_ddr_writer.o" "../src/drivers/xaxis_to_ddr_writer.c"
'Finished building: ../src/drivers/xaxis_to_ddr_writer.c'
' '
'Building file: ../src/drivers/xaxis_to_ddr_writer_sinit.c'
'Invoking: ARM gcc compiler'
arm-xilinx-eabi-gcc -Wall -O0 -g3 -c -fmessage-length=0 -MT"src/drivers/xaxis_to_ddr_writer_sinit.o" -I../../ov7670_udp_bsp/ps7_cortexa9_0/include -MMD -MP -MF"src/drivers/xaxis_to_ddr_writer_sinit.d" -MT"src/drivers/xaxis_to_ddr_writer_sinit.d" -o "src/drivers/xaxis_to_ddr_writer_sinit.o" "../src/drivers/xaxis_to_ddr_writer_sinit.c"
'Finished building: ../src/drivers/xaxis_to_ddr_writer_sinit.c'
' '
'Building file: ../src/drivers/xddr_to_axis_reader.c'
'Invoking: ARM gcc compiler'
arm-xilinx-eabi-gcc -Wall -O0 -g3 -c -fmessage-length=0 -MT"src/drivers/xddr_to_axis_reader.o" -I../../ov7670_udp_bsp/ps7_cortexa9_0/include -MMD -MP -MF"src/drivers/xddr_to_axis_reader.d" -MT"src/drivers/xddr_to_axis_reader.d" -o "src/drivers/xddr_to_axis_reader.o" "../src/drivers/xddr_to_axis_reader.c"
'Finished building: ../src/drivers/xddr_to_axis_reader.c'
' '
'Building file: ../src/drivers/xddr_to_axis_reader_sinit.c'
'Invoking: ARM gcc compiler'
arm-xilinx-eabi-gcc -Wall -O0 -g3 -c -fmessage-length=0 -MT"src/drivers/xddr_to_axis_reader_sinit.o" -I../../ov7670_udp_bsp/ps7_cortexa9_0/include -MMD -MP -MF"src/drivers/xddr_to_axis_reader_sinit.d" -MT"src/drivers/xddr_to_axis_reader_sinit.d" -o "src/drivers/xddr_to_axis_reader_sinit.o" "../src/drivers/xddr_to_axis_reader_sinit.c"
'Finished building: ../src/drivers/xddr_to_axis_reader_sinit.c'
' '
'Building file: ../src/frame_interrupt.c'
'Invoking: ARM gcc compiler'
arm-xilinx-eabi-gcc -Wall -O0 -g3 -c -fmessage-length=0 -MT"src/frame_interrupt.o" -I../../ov7670_udp_bsp/ps7_cortexa9_0/include -MMD -MP -MF"src/frame_interrupt.d" -MT"src/frame_interrupt.d" -o "src/frame_interrupt.o" "../src/frame_interrupt.c"
'Finished building: ../src/frame_interrupt.c'
' '
'Building file: ../src/main.c'
'Invoking: ARM gcc compiler'
arm-xilinx-eabi-gcc -Wall -O0 -g3 -c -fmessage-length=0 -MT"src/main.o" -I../../ov7670_udp_bsp/ps7_cortexa9_0/include -MMD -MP -MF"src/main.d" -MT"src/main.d" -o "src/main.o" "../src/main.c"
'Finished building: ../src/main.c'
' '
'Building file: ../src/pl_reset.c'
'Invoking: ARM gcc compiler'
arm-xilinx-eabi-gcc -Wall -O0 -g3 -c -fmessage-length=0 -MT"src/pl_reset.o" -I../../ov7670_udp_bsp/ps7_cortexa9_0/include -MMD -MP -MF"src/pl_reset.d" -MT"src/pl_reset.d" -o "src/pl_reset.o" "../src/pl_reset.c"
../src/pl_reset.c: In function 'pl_reset_keep_for':
../src/pl_reset.c:78:3: warning: implicit declaration of function 'usleep' [-Wimplicit-function-declaration]
   usleep(usec);
   ^
'Finished building: ../src/pl_reset.c'
' '
'Building file: ../src/platform.c'
'Invoking: ARM gcc compiler'
arm-xilinx-eabi-gcc -Wall -O0 -g3 -c -fmessage-length=0 -MT"src/platform.o" -I../../ov7670_udp_bsp/ps7_cortexa9_0/include -MMD -MP -MF"src/platform.d" -MT"src/platform.d" -o "src/platform.o" "../src/platform.c"
'Finished building: ../src/platform.c'
' '
'Building file: ../src/reader.c'
'Invoking: ARM gcc compiler'
arm-xilinx-eabi-gcc -Wall -O0 -g3 -c -fmessage-length=0 -MT"src/reader.o" -I../../ov7670_udp_bsp/ps7_cortexa9_0/include -MMD -MP -MF"src/reader.d" -MT"src/reader.d" -o "src/reader.o" "../src/reader.c"
'Finished building: ../src/reader.c'
' '
'Building target: ov7670_udp.elf'
'Invoking: ARM gcc linker'
arm-xilinx-eabi-gcc -Wl,-T -Wl,../src/lscript.ld -L../../ov7670_udp_bsp/ps7_cortexa9_0/lib -o "ov7670_udp.elf"  ./src/drivers/xaxis_to_ddr_writer.o ./src/drivers/xaxis_to_ddr_writer_sinit.o ./src/drivers/xddr_to_axis_reader.o ./src/drivers/xddr_to_axis_reader_sinit.o  ./src/frame_interrupt.o ./src/main.o ./src/pl_reset.o ./src/platform.o ./src/reader.o   -Wl,--start-group,-lxil,-lgcc,-lc,--end-group -Wl,--start-group,-lxil,-llwip4,-lgcc,-lc,--end-group
'Finished building target: ov7670_udp.elf'
' '
'Invoking: ARM Print Size'
arm-xilinx-eabi-size ov7670_udp.elf  |tee "ov7670_udp.elf.size"
   text	   data	    bss	    dec	    hex	filename
 117388	   3068	23107936	23228392	1626fe8	ov7670_udp.elf
'Finished building: ov7670_udp.elf.size'
' '
14:18:34 **** Clean-only build of configuration Debug for project ov7670_udp ****
make clean 
rm -rf  ./src/drivers/xaxis_to_ddr_writer.o ./src/drivers/xaxis_to_ddr_writer_sinit.o ./src/drivers/xddr_to_axis_reader.o ./src/drivers/xddr_to_axis_reader_sinit.o  ./src/frame_interrupt.o ./src/main.o ./src/pl_reset.o ./src/platform.o ./src/reader.o  ./src/drivers/xaxis_to_ddr_writer.d ./src/drivers/xaxis_to_ddr_writer_sinit.d ./src/drivers/xddr_to_axis_reader.d ./src/drivers/xddr_to_axis_reader_sinit.d  ./src/frame_interrupt.d ./src/main.d ./src/pl_reset.d ./src/platform.d ./src/reader.d  ov7670_udp.elf.size  ov7670_udp.elf
' '
14:18:34 **** Auto Build of configuration Debug for project ov7670_udp ****
make all 
'Building file: ../src/frame_interrupt.c'
'Invoking: ARM gcc compiler'
arm-xilinx-eabi-gcc -Wall -O0 -g3 -c -fmessage-length=0 -MT"src/frame_interrupt.o" -I../../ov7670_udp_bsp/ps7_cortexa9_0/include -MMD -MP -MF"src/frame_interrupt.d" -MT"src/frame_interrupt.d" -o "src/frame_interrupt.o" "../src/frame_interrupt.c"
'Finished building: ../src/frame_interrupt.c'
' '
'Building file: ../src/main.c'
'Invoking: ARM gcc compiler'
arm-xilinx-eabi-gcc -Wall -O0 -g3 -c -fmessage-length=0 -MT"src/main.o" -I../../ov7670_udp_bsp/ps7_cortexa9_0/include -MMD -MP -MF"src/main.d" -MT"src/main.d" -o "src/main.o" "../src/main.c"
'Finished building: ../src/main.c'
' '
'Building file: ../src/pl_reset.c'
'Invoking: ARM gcc compiler'
arm-xilinx-eabi-gcc -Wall -O0 -g3 -c -fmessage-length=0 -MT"src/pl_reset.o" -I../../ov7670_udp_bsp/ps7_cortexa9_0/include -MMD -MP -MF"src/pl_reset.d" -MT"src/pl_reset.d" -o "src/pl_reset.o" "../src/pl_reset.c"
../src/pl_reset.c: In function 'pl_reset_keep_for':
../src/pl_reset.c:78:3: warning: implicit declaration of function 'usleep' [-Wimplicit-function-declaration]
   usleep(usec);
   ^
'Finished building: ../src/pl_reset.c'
' '
'Building file: ../src/platform.c'
'Invoking: ARM gcc compiler'
arm-xilinx-eabi-gcc -Wall -O0 -g3 -c -fmessage-length=0 -MT"src/platform.o" -I../../ov7670_udp_bsp/ps7_cortexa9_0/include -MMD -MP -MF"src/platform.d" -MT"src/platform.d" -o "src/platform.o" "../src/platform.c"
'Finished building: ../src/platform.c'
' '
'Building file: ../src/reader.c'
'Invoking: ARM gcc compiler'
arm-xilinx-eabi-gcc -Wall -O0 -g3 -c -fmessage-length=0 -MT"src/reader.o" -I../../ov7670_udp_bsp/ps7_cortexa9_0/include -MMD -MP -MF"src/reader.d" -MT"src/reader.d" -o "src/reader.o" "../src/reader.c"
'Finished building: ../src/reader.c'
' '
'Building target: ov7670_udp.elf'
'Invoking: ARM gcc linker'
arm-xilinx-eabi-gcc -Wl,-T -Wl,../src/lscript.ld -L../../ov7670_udp_bsp/ps7_cortexa9_0/lib -o "ov7670_udp.elf"  ./src/frame_interrupt.o ./src/main.o ./src/pl_reset.o ./src/platform.o ./src/reader.o   -Wl,--start-group,-lxil,-lgcc,-lc,--end-group -Wl,--start-group,-lxil,-llwip4,-lgcc,-lc,--end-group
'Finished building target: ov7670_udp.elf'
' '
'Invoking: ARM Print Size'
arm-xilinx-eabi-size ov7670_udp.elf  |tee "ov7670_udp.elf.size"
   text	   data	    bss	    dec	    hex	filename
 116108	   3068	23107936	23227112	1626ae8	ov7670_udp.elf
'Finished building: ov7670_udp.elf.size'
' '
14:18:49 **** Auto Build of configuration Debug for project ov7670_udp ****
make all 
make: Nothing to be done for `all'.
14:19:03 **** Auto Build of configuration Debug for project ov7670_udp ****
make all 
make: Nothing to be done for `all'.
14:19:24 **** Incremental Build of configuration Debug for project ov7670_udp ****
make all 
make: Nothing to be done for `all'.
14:19:36 **** Incremental Build of configuration Debug for project ov7670_udp ****
make all 
make: Nothing to be done for `all'.
14:20:50 **** Auto Build of configuration Debug for project ov7670_udp ****
make all 
'Building file: ../src/main.c'
'Invoking: ARM gcc compiler'
arm-xilinx-eabi-gcc -Wall -O0 -g3 -c -fmessage-length=0 -MT"src/main.o" -I../../ov7670_udp_bsp/ps7_cortexa9_0/include -MMD -MP -MF"src/main.d" -MT"src/main.d" -o "src/main.o" "../src/main.c"
'Finished building: ../src/main.c'
' '
'Building file: ../src/drivers/xaxis_to_ddr_writer.c'
'Invoking: ARM gcc compiler'
arm-xilinx-eabi-gcc -Wall -O0 -g3 -c -fmessage-length=0 -MT"src/drivers/xaxis_to_ddr_writer.o" -I../../ov7670_udp_bsp/ps7_cortexa9_0/include -MMD -MP -MF"src/drivers/xaxis_to_ddr_writer.d" -MT"src/drivers/xaxis_to_ddr_writer.d" -o "src/drivers/xaxis_to_ddr_writer.o" "../src/drivers/xaxis_to_ddr_writer.c"
'Finished building: ../src/drivers/xaxis_to_ddr_writer.c'
' '
'Building file: ../src/drivers/xaxis_to_ddr_writer_sinit.c'
'Invoking: ARM gcc compiler'
arm-xilinx-eabi-gcc -Wall -O0 -g3 -c -fmessage-length=0 -MT"src/drivers/xaxis_to_ddr_writer_sinit.o" -I../../ov7670_udp_bsp/ps7_cortexa9_0/include -MMD -MP -MF"src/drivers/xaxis_to_ddr_writer_sinit.d" -MT"src/drivers/xaxis_to_ddr_writer_sinit.d" -o "src/drivers/xaxis_to_ddr_writer_sinit.o" "../src/drivers/xaxis_to_ddr_writer_sinit.c"
'Finished building: ../src/drivers/xaxis_to_ddr_writer_sinit.c'
' '
'Building file: ../src/drivers/xddr_to_axis_reader.c'
'Invoking: ARM gcc compiler'
arm-xilinx-eabi-gcc -Wall -O0 -g3 -c -fmessage-length=0 -MT"src/drivers/xddr_to_axis_reader.o" -I../../ov7670_udp_bsp/ps7_cortexa9_0/include -MMD -MP -MF"src/drivers/xddr_to_axis_reader.d" -MT"src/drivers/xddr_to_axis_reader.d" -o "src/drivers/xddr_to_axis_reader.o" "../src/drivers/xddr_to_axis_reader.c"
'Finished building: ../src/drivers/xddr_to_axis_reader.c'
' '
'Building file: ../src/drivers/xddr_to_axis_reader_sinit.c'
'Invoking: ARM gcc compiler'
arm-xilinx-eabi-gcc -Wall -O0 -g3 -c -fmessage-length=0 -MT"src/drivers/xddr_to_axis_reader_sinit.o" -I../../ov7670_udp_bsp/ps7_cortexa9_0/include -MMD -MP -MF"src/drivers/xddr_to_axis_reader_sinit.d" -MT"src/drivers/xddr_to_axis_reader_sinit.d" -o "src/drivers/xddr_to_axis_reader_sinit.o" "../src/drivers/xddr_to_axis_reader_sinit.c"
'Finished building: ../src/drivers/xddr_to_axis_reader_sinit.c'
' '
'Building target: ov7670_udp.elf'
'Invoking: ARM gcc linker'
arm-xilinx-eabi-gcc -Wl,-T -Wl,../src/lscript.ld -L../../ov7670_udp_bsp/ps7_cortexa9_0/lib -o "ov7670_udp.elf"  ./src/drivers/xaxis_to_ddr_writer.o ./src/drivers/xaxis_to_ddr_writer_sinit.o ./src/drivers/xddr_to_axis_reader.o ./src/drivers/xddr_to_axis_reader_sinit.o  ./src/frame_interrupt.o ./src/main.o ./src/pl_reset.o ./src/platform.o ./src/reader.o   -Wl,--start-group,-lxil,-lgcc,-lc,--end-group -Wl,--start-group,-lxil,-llwip4,-lgcc,-lc,--end-group
'Finished building target: ov7670_udp.elf'
' '
'Invoking: ARM Print Size'
arm-xilinx-eabi-size ov7670_udp.elf  |tee "ov7670_udp.elf.size"
   text	   data	    bss	    dec	    hex	filename
 118028	   3068	23107936	23229032	1627268	ov7670_udp.elf
'Finished building: ov7670_udp.elf.size'
' '
14:20:54 **** Incremental Build of configuration Debug for project ov7670_udp ****
make all 
make: Nothing to be done for `all'.
14:22:04 **** Auto Build of configuration Debug for project ov7670_udp ****
make all 
'Building file: ../src/main.c'
'Invoking: ARM gcc compiler'
arm-xilinx-eabi-gcc -Wall -O0 -g3 -c -fmessage-length=0 -MT"src/main.o" -I../../ov7670_udp_bsp/ps7_cortexa9_0/include -MMD -MP -MF"src/main.d" -MT"src/main.d" -o "src/main.o" "../src/main.c"
'Finished building: ../src/main.c'
' '
'Building target: ov7670_udp.elf'
'Invoking: ARM gcc linker'
arm-xilinx-eabi-gcc -Wl,-T -Wl,../src/lscript.ld -L../../ov7670_udp_bsp/ps7_cortexa9_0/lib -o "ov7670_udp.elf"  ./src/drivers/xaxis_to_ddr_writer.o ./src/drivers/xaxis_to_ddr_writer_sinit.o ./src/drivers/xddr_to_axis_reader.o ./src/drivers/xddr_to_axis_reader_sinit.o  ./src/frame_interrupt.o ./src/main.o ./src/pl_reset.o ./src/platform.o ./src/reader.o   -Wl,--start-group,-lxil,-lgcc,-lc,--end-group -Wl,--start-group,-lxil,-llwip4,-lgcc,-lc,--end-group
'Finished building target: ov7670_udp.elf'
' '
'Invoking: ARM Print Size'
arm-xilinx-eabi-size ov7670_udp.elf  |tee "ov7670_udp.elf.size"
   text	   data	    bss	    dec	    hex	filename
 118028	   3068	23107936	23229032	1627268	ov7670_udp.elf
'Finished building: ov7670_udp.elf.size'
' '
14:22:58 **** Incremental Build of configuration Debug for project ov7670_udp ****
make all 
make: Nothing to be done for `all'.
14:24:36 **** Auto Build of configuration Debug for project ov7670_udp ****
make all 
'Building file: ../src/main.c'
'Invoking: ARM gcc compiler'
arm-xilinx-eabi-gcc -Wall -O0 -g3 -c -fmessage-length=0 -MT"src/main.o" -I../../ov7670_udp_bsp/ps7_cortexa9_0/include -MMD -MP -MF"src/main.d" -MT"src/main.d" -o "src/main.o" "../src/main.c"
'Finished building: ../src/main.c'
' '
'Building target: ov7670_udp.elf'
'Invoking: ARM gcc linker'
arm-xilinx-eabi-gcc -Wl,-T -Wl,../src/lscript.ld -L../../ov7670_udp_bsp/ps7_cortexa9_0/lib -o "ov7670_udp.elf"  ./src/drivers/xaxis_to_ddr_writer.o ./src/drivers/xaxis_to_ddr_writer_sinit.o ./src/drivers/xddr_to_axis_reader.o ./src/drivers/xddr_to_axis_reader_sinit.o  ./src/frame_interrupt.o ./src/main.o ./src/pl_reset.o ./src/platform.o ./src/reader.o   -Wl,--start-group,-lxil,-lgcc,-lc,--end-group -Wl,--start-group,-lxil,-llwip4,-lgcc,-lc,--end-group
'Finished building target: ov7670_udp.elf'
' '
'Invoking: ARM Print Size'
arm-xilinx-eabi-size ov7670_udp.elf  |tee "ov7670_udp.elf.size"
   text	   data	    bss	    dec	    hex	filename
 118156	   3068	23107936	23229160	16272e8	ov7670_udp.elf
'Finished building: ov7670_udp.elf.size'
' '
14:24:45 **** Auto Build of configuration Debug for project ov7670_udp ****
make all 
'Building file: ../src/main.c'
'Invoking: ARM gcc compiler'
arm-xilinx-eabi-gcc -Wall -O0 -g3 -c -fmessage-length=0 -MT"src/main.o" -I../../ov7670_udp_bsp/ps7_cortexa9_0/include -MMD -MP -MF"src/main.d" -MT"src/main.d" -o "src/main.o" "../src/main.c"
'Finished building: ../src/main.c'
' '
'Building target: ov7670_udp.elf'
'Invoking: ARM gcc linker'
arm-xilinx-eabi-gcc -Wl,-T -Wl,../src/lscript.ld -L../../ov7670_udp_bsp/ps7_cortexa9_0/lib -o "ov7670_udp.elf"  ./src/drivers/xaxis_to_ddr_writer.o ./src/drivers/xaxis_to_ddr_writer_sinit.o ./src/drivers/xddr_to_axis_reader.o ./src/drivers/xddr_to_axis_reader_sinit.o  ./src/frame_interrupt.o ./src/main.o ./src/pl_reset.o ./src/platform.o ./src/reader.o   -Wl,--start-group,-lxil,-lgcc,-lc,--end-group -Wl,--start-group,-lxil,-llwip4,-lgcc,-lc,--end-group
'Finished building target: ov7670_udp.elf'
' '
'Invoking: ARM Print Size'
arm-xilinx-eabi-size ov7670_udp.elf  |tee "ov7670_udp.elf.size"
   text	   data	    bss	    dec	    hex	filename
 118124	   3068	23107936	23229128	16272c8	ov7670_udp.elf
'Finished building: ov7670_udp.elf.size'
' '
14:24:46 **** Incremental Build of configuration Debug for project ov7670_udp ****
make all 
make: Nothing to be done for `all'.
14:25:28 **** Incremental Build of configuration Debug for project ov7670_udp ****
make all 
make: Nothing to be done for `all'.
14:26:01 **** Auto Build of configuration Debug for project ov7670_udp ****
make all 
'Building file: ../src/main.c'
'Invoking: ARM gcc compiler'
arm-xilinx-eabi-gcc -Wall -O0 -g3 -c -fmessage-length=0 -MT"src/main.o" -I../../ov7670_udp_bsp/ps7_cortexa9_0/include -MMD -MP -MF"src/main.d" -MT"src/main.d" -o "src/main.o" "../src/main.c"
'Finished building: ../src/main.c'
' '
'Building target: ov7670_udp.elf'
'Invoking: ARM gcc linker'
arm-xilinx-eabi-gcc -Wl,-T -Wl,../src/lscript.ld -L../../ov7670_udp_bsp/ps7_cortexa9_0/lib -o "ov7670_udp.elf"  ./src/drivers/xaxis_to_ddr_writer.o ./src/drivers/xaxis_to_ddr_writer_sinit.o ./src/drivers/xddr_to_axis_reader.o ./src/drivers/xddr_to_axis_reader_sinit.o  ./src/frame_interrupt.o ./src/main.o ./src/pl_reset.o ./src/platform.o ./src/reader.o   -Wl,--start-group,-lxil,-lgcc,-lc,--end-group -Wl,--start-group,-lxil,-llwip4,-lgcc,-lc,--end-group
'Finished building target: ov7670_udp.elf'
' '
'Invoking: ARM Print Size'
arm-xilinx-eabi-size ov7670_udp.elf  |tee "ov7670_udp.elf.size"
   text	   data	    bss	    dec	    hex	filename
 118156	   3068	23107936	23229160	16272e8	ov7670_udp.elf
'Finished building: ov7670_udp.elf.size'
' '
14:26:09 **** Incremental Build of configuration Debug for project ov7670_udp ****
make all 
make: Nothing to be done for `all'.
14:29:45 **** Auto Build of configuration Debug for project ov7670_udp ****
make all 
'Building file: ../src/main.c'
'Invoking: ARM gcc compiler'
arm-xilinx-eabi-gcc -Wall -O0 -g3 -c -fmessage-length=0 -MT"src/main.o" -I../../ov7670_udp_bsp/ps7_cortexa9_0/include -MMD -MP -MF"src/main.d" -MT"src/main.d" -o "src/main.o" "../src/main.c"
'Finished building: ../src/main.c'
' '
'Building target: ov7670_udp.elf'
'Invoking: ARM gcc linker'
arm-xilinx-eabi-gcc -Wl,-T -Wl,../src/lscript.ld -L../../ov7670_udp_bsp/ps7_cortexa9_0/lib -o "ov7670_udp.elf"  ./src/drivers/xaxis_to_ddr_writer.o ./src/drivers/xaxis_to_ddr_writer_sinit.o ./src/drivers/xddr_to_axis_reader.o ./src/drivers/xddr_to_axis_reader_sinit.o  ./src/frame_interrupt.o ./src/main.o ./src/pl_reset.o ./src/platform.o ./src/reader.o   -Wl,--start-group,-lxil,-lgcc,-lc,--end-group -Wl,--start-group,-lxil,-llwip4,-lgcc,-lc,--end-group
'Finished building target: ov7670_udp.elf'
' '
'Invoking: ARM Print Size'
arm-xilinx-eabi-size ov7670_udp.elf  |tee "ov7670_udp.elf.size"
   text	   data	    bss	    dec	    hex	filename
 118156	   3068	23107936	23229160	16272e8	ov7670_udp.elf
'Finished building: ov7670_udp.elf.size'
' '
14:32:01 **** Auto Build of configuration Debug for project ov7670_udp ****
make all 
'Building file: ../src/frame_interrupt.c'
'Invoking: ARM gcc compiler'
arm-xilinx-eabi-gcc -Wall -O0 -g3 -c -fmessage-length=0 -MT"src/frame_interrupt.o" -I../../ov7670_udp_bsp/ps7_cortexa9_0/include -MMD -MP -MF"src/frame_interrupt.d" -MT"src/frame_interrupt.d" -o "src/frame_interrupt.o" "../src/frame_interrupt.c"
'Finished building: ../src/frame_interrupt.c'
' '
'Building file: ../src/main.c'
'Invoking: ARM gcc compiler'
arm-xilinx-eabi-gcc -Wall -O0 -g3 -c -fmessage-length=0 -MT"src/main.o" -I../../ov7670_udp_bsp/ps7_cortexa9_0/include -MMD -MP -MF"src/main.d" -MT"src/main.d" -o "src/main.o" "../src/main.c"
'Finished building: ../src/main.c'
' '
'Building target: ov7670_udp.elf'
'Invoking: ARM gcc linker'
arm-xilinx-eabi-gcc -Wl,-T -Wl,../src/lscript.ld -L../../ov7670_udp_bsp/ps7_cortexa9_0/lib -o "ov7670_udp.elf"  ./src/drivers/xaxis_to_ddr_writer.o ./src/drivers/xaxis_to_ddr_writer_sinit.o ./src/drivers/xddr_to_axis_reader.o ./src/drivers/xddr_to_axis_reader_sinit.o  ./src/frame_interrupt.o ./src/main.o ./src/pl_reset.o ./src/platform.o ./src/reader.o   -Wl,--start-group,-lxil,-lgcc,-lc,--end-group -Wl,--start-group,-lxil,-llwip4,-lgcc,-lc,--end-group
'Finished building target: ov7670_udp.elf'
' '
'Invoking: ARM Print Size'
arm-xilinx-eabi-size ov7670_udp.elf  |tee "ov7670_udp.elf.size"
   text	   data	    bss	    dec	    hex	filename
 118156	   3068	23107936	23229160	16272e8	ov7670_udp.elf
'Finished building: ov7670_udp.elf.size'
' '
14:32:30 **** Auto Build of configuration Debug for project ov7670_udp ****
make all 
'Building file: ../src/frame_interrupt.c'
'Invoking: ARM gcc compiler'
arm-xilinx-eabi-gcc -Wall -O0 -g3 -c -fmessage-length=0 -MT"src/frame_interrupt.o" -I../../ov7670_udp_bsp/ps7_cortexa9_0/include -MMD -MP -MF"src/frame_interrupt.d" -MT"src/frame_interrupt.d" -o "src/frame_interrupt.o" "../src/frame_interrupt.c"
'Finished building: ../src/frame_interrupt.c'
' '
'Building target: ov7670_udp.elf'
'Invoking: ARM gcc linker'
arm-xilinx-eabi-gcc -Wl,-T -Wl,../src/lscript.ld -L../../ov7670_udp_bsp/ps7_cortexa9_0/lib -o "ov7670_udp.elf"  ./src/drivers/xaxis_to_ddr_writer.o ./src/drivers/xaxis_to_ddr_writer_sinit.o ./src/drivers/xddr_to_axis_reader.o ./src/drivers/xddr_to_axis_reader_sinit.o  ./src/frame_interrupt.o ./src/main.o ./src/pl_reset.o ./src/platform.o ./src/reader.o   -Wl,--start-group,-lxil,-lgcc,-lc,--end-group -Wl,--start-group,-lxil,-llwip4,-lgcc,-lc,--end-group
'Finished building target: ov7670_udp.elf'
' '
'Invoking: ARM Print Size'
arm-xilinx-eabi-size ov7670_udp.elf  |tee "ov7670_udp.elf.size"
   text	   data	    bss	    dec	    hex	filename
 118220	   3068	23107936	23229224	1627328	ov7670_udp.elf
'Finished building: ov7670_udp.elf.size'
' '
14:33:45 **** Auto Build of configuration Debug for project ov7670_udp ****
make all 
'Building file: ../src/main.c'
'Invoking: ARM gcc compiler'
arm-xilinx-eabi-gcc -Wall -O0 -g3 -c -fmessage-length=0 -MT"src/main.o" -I../../ov7670_udp_bsp/ps7_cortexa9_0/include -MMD -MP -MF"src/main.d" -MT"src/main.d" -o "src/main.o" "../src/main.c"
../src/main.c: In function 'main':
../src/main.c:183:3: warning: implicit declaration of function 'frame_index_interrupt_handler' [-Wimplicit-function-declaration]
   frame_index_interrupt_handler();
   ^
'Finished building: ../src/main.c'
' '
'Building target: ov7670_udp.elf'
'Invoking: ARM gcc linker'
arm-xilinx-eabi-gcc -Wl,-T -Wl,../src/lscript.ld -L../../ov7670_udp_bsp/ps7_cortexa9_0/lib -o "ov7670_udp.elf"  ./src/drivers/xaxis_to_ddr_writer.o ./src/drivers/xaxis_to_ddr_writer_sinit.o ./src/drivers/xddr_to_axis_reader.o ./src/drivers/xddr_to_axis_reader_sinit.o  ./src/frame_interrupt.o ./src/main.o ./src/pl_reset.o ./src/platform.o ./src/reader.o   -Wl,--start-group,-lxil,-lgcc,-lc,--end-group -Wl,--start-group,-lxil,-llwip4,-lgcc,-lc,--end-group
'Finished building target: ov7670_udp.elf'
' '
'Invoking: ARM Print Size'
arm-xilinx-eabi-size ov7670_udp.elf  |tee "ov7670_udp.elf.size"
   text	   data	    bss	    dec	    hex	filename
 118144	   3068	23107936	23229148	16272dc	ov7670_udp.elf
'Finished building: ov7670_udp.elf.size'
' '
14:33:46 **** Incremental Build of configuration Debug for project ov7670_udp ****
make all 
make: Nothing to be done for `all'.
14:34:27 **** Incremental Build of configuration Debug for project ov7670_udp ****
make all 
make: Nothing to be done for `all'.
14:35:11 **** Incremental Build of configuration Debug for project ov7670_udp ****
make all 
make: Nothing to be done for `all'.
14:35:48 **** Incremental Build of configuration Debug for project ov7670_udp ****
make all 
make: Nothing to be done for `all'.
14:36:15 **** Incremental Build of configuration Debug for project ov7670_udp ****
make all 
make: Nothing to be done for `all'.
14:36:31 **** Incremental Build of configuration Debug for project ov7670_udp ****
make all 
make: Nothing to be done for `all'.
14:39:39 **** Incremental Build of configuration Debug for project ov7670_udp ****
make all 
make: Nothing to be done for `all'.
14:40:24 **** Incremental Build of configuration Debug for project ov7670_udp ****
make all 
make: Nothing to be done for `all'.
14:40:34 **** Incremental Build of configuration Debug for project ov7670_udp ****
make all 
make: Nothing to be done for `all'.
14:40:59 **** Incremental Build of configuration Debug for project ov7670_udp ****
make all 
make: Nothing to be done for `all'.
14:45:23 **** Incremental Build of configuration Debug for project ov7670_udp ****
make all 
make: Nothing to be done for `all'.
15:00:12 **** Clean-only build of project ov7670_udp_bsp ****
make -k clean 
rm -f ps7_cortexa9_0/lib/libxil.a
15:00:12 **** Clean-only build of configuration Debug for project ov7670_udp ****
make clean 
rm -rf  ./src/drivers/xaxis_to_ddr_writer.o ./src/drivers/xaxis_to_ddr_writer_sinit.o ./src/drivers/xddr_to_axis_reader.o ./src/drivers/xddr_to_axis_reader_sinit.o  ./src/frame_interrupt.o ./src/main.o ./src/pl_reset.o ./src/platform.o ./src/reader.o  ./src/drivers/xaxis_to_ddr_writer.d ./src/drivers/xaxis_to_ddr_writer_sinit.d ./src/drivers/xddr_to_axis_reader.d ./src/drivers/xddr_to_axis_reader_sinit.d  ./src/frame_interrupt.d ./src/main.d ./src/pl_reset.d ./src/platform.d ./src/reader.d  ov7670_udp.elf.size  ov7670_udp.elf
' '
15:00:12 **** Build of project ov7670_udp_bsp ****
make -k all 
"Running Make include in ps7_cortexa9_0/libsrc/axis_to_ddr_writer_v1_0/src"
make -C ps7_cortexa9_0/libsrc/axis_to_ddr_writer_v1_0/src -s include  "SHELL=CMD" "COMPILER=arm-xilinx-eabi-gcc" "ARCHIVER=arm-xilinx-eabi-ar" "COMPILER_FLAGS=  -O2 -c" "EXTRA_COMPILER_FLAGS=-g"
"Running Make include in ps7_cortexa9_0/libsrc/coresightps_dcc_v1_2/src"
make -C ps7_cortexa9_0/libsrc/coresightps_dcc_v1_2/src -s include  "SHELL=CMD" "COMPILER=arm-xilinx-eabi-gcc" "ARCHIVER=arm-xilinx-eabi-ar" "COMPILER_FLAGS=  -O2 -c" "EXTRA_COMPILER_FLAGS=-g"
"Running Make include in ps7_cortexa9_0/libsrc/cpu_cortexa9_v2_1/src"
make -C ps7_cortexa9_0/libsrc/cpu_cortexa9_v2_1/src -s include  "SHELL=CMD" "COMPILER=arm-xilinx-eabi-gcc" "ARCHIVER=arm-xilinx-eabi-ar" "COMPILER_FLAGS=  -O2 -c" "EXTRA_COMPILER_FLAGS=-g"
"Running Make include in ps7_cortexa9_0/libsrc/ddr_to_axis_reader_v1_0/src"
make -C ps7_cortexa9_0/libsrc/ddr_to_axis_reader_v1_0/src -s include  "SHELL=CMD" "COMPILER=arm-xilinx-eabi-gcc" "ARCHIVER=arm-xilinx-eabi-ar" "COMPILER_FLAGS=  -O2 -c" "EXTRA_COMPILER_FLAGS=-g"
"Running Make include in ps7_cortexa9_0/libsrc/ddrps_v1_0/src"
make -C ps7_cortexa9_0/libsrc/ddrps_v1_0/src -s include  "SHELL=CMD" "COMPILER=arm-xilinx-eabi-gcc" "ARCHIVER=arm-xilinx-eabi-ar" "COMPILER_FLAGS=  -O2 -c" "EXTRA_COMPILER_FLAGS=-g"
"Running Make include in ps7_cortexa9_0/libsrc/devcfg_v3_3/src"
make -C ps7_cortexa9_0/libsrc/devcfg_v3_3/src -s include  "SHELL=CMD" "COMPILER=arm-xilinx-eabi-gcc" "ARCHIVER=arm-xilinx-eabi-ar" "COMPILER_FLAGS=  -O2 -c" "EXTRA_COMPILER_FLAGS=-g"
"Running Make include in ps7_cortexa9_0/libsrc/dmaps_v2_1/src"
make -C ps7_cortexa9_0/libsrc/dmaps_v2_1/src -s include  "SHELL=CMD" "COMPILER=arm-xilinx-eabi-gcc" "ARCHIVER=arm-xilinx-eabi-ar" "COMPILER_FLAGS=  -O2 -c" "EXTRA_COMPILER_FLAGS=-g"
"Running Make include in ps7_cortexa9_0/libsrc/emacps_v3_1/src"
make -C ps7_cortexa9_0/libsrc/emacps_v3_1/src -s include  "SHELL=CMD" "COMPILER=arm-xilinx-eabi-gcc" "ARCHIVER=arm-xilinx-eabi-ar" "COMPILER_FLAGS=  -O2 -c" "EXTRA_COMPILER_FLAGS=-g"
"Running Make include in ps7_cortexa9_0/libsrc/gpio_v4_0/src"
make -C ps7_cortexa9_0/libsrc/gpio_v4_0/src -s include  "SHELL=CMD" "COMPILER=arm-xilinx-eabi-gcc" "ARCHIVER=arm-xilinx-eabi-ar" "COMPILER_FLAGS=  -O2 -c" "EXTRA_COMPILER_FLAGS=-g"
"Running Make include in ps7_cortexa9_0/libsrc/gpiops_v3_1/src"
make -C ps7_cortexa9_0/libsrc/gpiops_v3_1/src -s include  "SHELL=CMD" "COMPILER=arm-xilinx-eabi-gcc" "ARCHIVER=arm-xilinx-eabi-ar" "COMPILER_FLAGS=  -O2 -c" "EXTRA_COMPILER_FLAGS=-g"
"Running Make include in ps7_cortexa9_0/libsrc/lwip141_v1_3/src"
make -C ps7_cortexa9_0/libsrc/lwip141_v1_3/src -s include  "SHELL=CMD" "COMPILER=arm-xilinx-eabi-gcc" "ARCHIVER=arm-xilinx-eabi-ar" "COMPILER_FLAGS=  -O2 -c" "EXTRA_COMPILER_FLAGS=-g"
"Running Make include in ps7_cortexa9_0/libsrc/qspips_v3_2/src"
make -C ps7_cortexa9_0/libsrc/qspips_v3_2/src -s include  "SHELL=CMD" "COMPILER=arm-xilinx-eabi-gcc" "ARCHIVER=arm-xilinx-eabi-ar" "COMPILER_FLAGS=  -O2 -c" "EXTRA_COMPILER_FLAGS=-g"
"Running Make include in ps7_cortexa9_0/libsrc/scugic_v3_1/src"
make -C ps7_cortexa9_0/libsrc/scugic_v3_1/src -s include  "SHELL=CMD" "COMPILER=arm-xilinx-eabi-gcc" "ARCHIVER=arm-xilinx-eabi-ar" "COMPILER_FLAGS=  -O2 -c" "EXTRA_COMPILER_FLAGS=-g"
"Running Make include in ps7_cortexa9_0/libsrc/scutimer_v2_1/src"
make -C ps7_cortexa9_0/libsrc/scutimer_v2_1/src -s include  "SHELL=CMD" "COMPILER=arm-xilinx-eabi-gcc" "ARCHIVER=arm-xilinx-eabi-ar" "COMPILER_FLAGS=  -O2 -c" "EXTRA_COMPILER_FLAGS=-g"
"Running Make include in ps7_cortexa9_0/libsrc/scuwdt_v2_1/src"
make -C ps7_cortexa9_0/libsrc/scuwdt_v2_1/src -s include  "SHELL=CMD" "COMPILER=arm-xilinx-eabi-gcc" "ARCHIVER=arm-xilinx-eabi-ar" "COMPILER_FLAGS=  -O2 -c" "EXTRA_COMPILER_FLAGS=-g"
"Running Make include in ps7_cortexa9_0/libsrc/sdps_v2_6/src"
make -C ps7_cortexa9_0/libsrc/sdps_v2_6/src -s include  "SHELL=CMD" "COMPILER=arm-xilinx-eabi-gcc" "ARCHIVER=arm-xilinx-eabi-ar" "COMPILER_FLAGS=  -O2 -c" "EXTRA_COMPILER_FLAGS=-g"
"Running Make include in ps7_cortexa9_0/libsrc/standalone_v5_3/src"
make -C ps7_cortexa9_0/libsrc/standalone_v5_3/src -s include  "SHELL=CMD" "COMPILER=arm-xilinx-eabi-gcc" "ARCHIVER=arm-xilinx-eabi-ar" "COMPILER_FLAGS=  -O2 -c" "EXTRA_COMPILER_FLAGS=-g"
"Running Make include in ps7_cortexa9_0/libsrc/ttcps_v3_0/src"
make -C ps7_cortexa9_0/libsrc/ttcps_v3_0/src -s include  "SHELL=CMD" "COMPILER=arm-xilinx-eabi-gcc" "ARCHIVER=arm-xilinx-eabi-ar" "COMPILER_FLAGS=  -O2 -c" "EXTRA_COMPILER_FLAGS=-g"
"Running Make include in ps7_cortexa9_0/libsrc/uartps_v3_1/src"
make -C ps7_cortexa9_0/libsrc/uartps_v3_1/src -s include  "SHELL=CMD" "COMPILER=arm-xilinx-eabi-gcc" "ARCHIVER=arm-xilinx-eabi-ar" "COMPILER_FLAGS=  -O2 -c" "EXTRA_COMPILER_FLAGS=-g"
"Running Make include in ps7_cortexa9_0/libsrc/usbps_v2_2/src"
make -C ps7_cortexa9_0/libsrc/usbps_v2_2/src -s include  "SHELL=CMD" "COMPILER=arm-xilinx-eabi-gcc" "ARCHIVER=arm-xilinx-eabi-ar" "COMPILER_FLAGS=  -O2 -c" "EXTRA_COMPILER_FLAGS=-g"
"Running Make include in ps7_cortexa9_0/libsrc/xadcps_v2_2/src"
make -C ps7_cortexa9_0/libsrc/xadcps_v2_2/src -s include  "SHELL=CMD" "COMPILER=arm-xilinx-eabi-gcc" "ARCHIVER=arm-xilinx-eabi-ar" "COMPILER_FLAGS=  -O2 -c" "EXTRA_COMPILER_FLAGS=-g"
"Running Make libs in ps7_cortexa9_0/libsrc/axis_to_ddr_writer_v1_0/src"
make -C ps7_cortexa9_0/libsrc/axis_to_ddr_writer_v1_0/src -s libs  "SHELL=CMD" "COMPILER=arm-xilinx-eabi-gcc" "ARCHIVER=arm-xilinx-eabi-ar" "COMPILER_FLAGS=  -O2 -c" "EXTRA_COMPILER_FLAGS=-g"
"Compiling axis_to_ddr_writer"
arm-xilinx-eabi-ar: creating ../../../lib/libxil.a
"Running Make libs in ps7_cortexa9_0/libsrc/coresightps_dcc_v1_2/src"
make -C ps7_cortexa9_0/libsrc/coresightps_dcc_v1_2/src -s libs  "SHELL=CMD" "COMPILER=arm-xilinx-eabi-gcc" "ARCHIVER=arm-xilinx-eabi-ar" "COMPILER_FLAGS=  -O2 -c" "EXTRA_COMPILER_FLAGS=-g"
"Compiling coresightps_dcc"
"Running Make libs in ps7_cortexa9_0/libsrc/cpu_cortexa9_v2_1/src"
make -C ps7_cortexa9_0/libsrc/cpu_cortexa9_v2_1/src -s libs  "SHELL=CMD" "COMPILER=arm-xilinx-eabi-gcc" "ARCHIVER=arm-xilinx-eabi-ar" "COMPILER_FLAGS=  -O2 -c" "EXTRA_COMPILER_FLAGS=-g"
"Compiling cpu_cortexa9"
"Running Make libs in ps7_cortexa9_0/libsrc/ddr_to_axis_reader_v1_0/src"
make -C ps7_cortexa9_0/libsrc/ddr_to_axis_reader_v1_0/src -s libs  "SHELL=CMD" "COMPILER=arm-xilinx-eabi-gcc" "ARCHIVER=arm-xilinx-eabi-ar" "COMPILER_FLAGS=  -O2 -c" "EXTRA_COMPILER_FLAGS=-g"
"Compiling ddr_to_axis_reader"
"Running Make libs in ps7_cortexa9_0/libsrc/ddrps_v1_0/src"
make -C ps7_cortexa9_0/libsrc/ddrps_v1_0/src -s libs  "SHELL=CMD" "COMPILER=arm-xilinx-eabi-gcc" "ARCHIVER=arm-xilinx-eabi-ar" "COMPILER_FLAGS=  -O2 -c" "EXTRA_COMPILER_FLAGS=-g"
"Compiling ddrps"
"Running Make libs in ps7_cortexa9_0/libsrc/devcfg_v3_3/src"
make -C ps7_cortexa9_0/libsrc/devcfg_v3_3/src -s libs  "SHELL=CMD" "COMPILER=arm-xilinx-eabi-gcc" "ARCHIVER=arm-xilinx-eabi-ar" "COMPILER_FLAGS=  -O2 -c" "EXTRA_COMPILER_FLAGS=-g"
"Compiling devcfg"
"Running Make libs in ps7_cortexa9_0/libsrc/dmaps_v2_1/src"
make -C ps7_cortexa9_0/libsrc/dmaps_v2_1/src -s libs  "SHELL=CMD" "COMPILER=arm-xilinx-eabi-gcc" "ARCHIVER=arm-xilinx-eabi-ar" "COMPILER_FLAGS=  -O2 -c" "EXTRA_COMPILER_FLAGS=-g"
"Compiling dmaps"
"Running Make libs in ps7_cortexa9_0/libsrc/emacps_v3_1/src"
make -C ps7_cortexa9_0/libsrc/emacps_v3_1/src -s libs  "SHELL=CMD" "COMPILER=arm-xilinx-eabi-gcc" "ARCHIVER=arm-xilinx-eabi-ar" "COMPILER_FLAGS=  -O2 -c" "EXTRA_COMPILER_FLAGS=-g"
"Compiling emacps"
"Running Make libs in ps7_cortexa9_0/libsrc/gpio_v4_0/src"
make -C ps7_cortexa9_0/libsrc/gpio_v4_0/src -s libs  "SHELL=CMD" "COMPILER=arm-xilinx-eabi-gcc" "ARCHIVER=arm-xilinx-eabi-ar" "COMPILER_FLAGS=  -O2 -c" "EXTRA_COMPILER_FLAGS=-g"
"Compiling gpio"
"Running Make libs in ps7_cortexa9_0/libsrc/gpiops_v3_1/src"
make -C ps7_cortexa9_0/libsrc/gpiops_v3_1/src -s libs  "SHELL=CMD" "COMPILER=arm-xilinx-eabi-gcc" "ARCHIVER=arm-xilinx-eabi-ar" "COMPILER_FLAGS=  -O2 -c" "EXTRA_COMPILER_FLAGS=-g"
"Compiling gpiops"
"Running Make libs in ps7_cortexa9_0/libsrc/lwip141_v1_3/src"
make -C ps7_cortexa9_0/libsrc/lwip141_v1_3/src -s libs  "SHELL=CMD" "COMPILER=arm-xilinx-eabi-gcc" "ARCHIVER=arm-xilinx-eabi-ar" "COMPILER_FLAGS=  -O2 -c" "EXTRA_COMPILER_FLAGS=-g"
"Compiling lwip src and adapter files"
"Running Make libs in ps7_cortexa9_0/libsrc/qspips_v3_2/src"
make -C ps7_cortexa9_0/libsrc/qspips_v3_2/src -s libs  "SHELL=CMD" "COMPILER=arm-xilinx-eabi-gcc" "ARCHIVER=arm-xilinx-eabi-ar" "COMPILER_FLAGS=  -O2 -c" "EXTRA_COMPILER_FLAGS=-g"
"Compiling qspips"
"Running Make libs in ps7_cortexa9_0/libsrc/scugic_v3_1/src"
make -C ps7_cortexa9_0/libsrc/scugic_v3_1/src -s libs  "SHELL=CMD" "COMPILER=arm-xilinx-eabi-gcc" "ARCHIVER=arm-xilinx-eabi-ar" "COMPILER_FLAGS=  -O2 -c" "EXTRA_COMPILER_FLAGS=-g"
"Compiling scugic"
"Running Make libs in ps7_cortexa9_0/libsrc/scutimer_v2_1/src"
make -C ps7_cortexa9_0/libsrc/scutimer_v2_1/src -s libs  "SHELL=CMD" "COMPILER=arm-xilinx-eabi-gcc" "ARCHIVER=arm-xilinx-eabi-ar" "COMPILER_FLAGS=  -O2 -c" "EXTRA_COMPILER_FLAGS=-g"
"Compiling scutimer"
"Running Make libs in ps7_cortexa9_0/libsrc/scuwdt_v2_1/src"
make -C ps7_cortexa9_0/libsrc/scuwdt_v2_1/src -s libs  "SHELL=CMD" "COMPILER=arm-xilinx-eabi-gcc" "ARCHIVER=arm-xilinx-eabi-ar" "COMPILER_FLAGS=  -O2 -c" "EXTRA_COMPILER_FLAGS=-g"
"Compiling scuwdt"
"Running Make libs in ps7_cortexa9_0/libsrc/sdps_v2_6/src"
make -C ps7_cortexa9_0/libsrc/sdps_v2_6/src -s libs  "SHELL=CMD" "COMPILER=arm-xilinx-eabi-gcc" "ARCHIVER=arm-xilinx-eabi-ar" "COMPILER_FLAGS=  -O2 -c" "EXTRA_COMPILER_FLAGS=-g"
"Compiling sdps"
"Running Make libs in ps7_cortexa9_0/libsrc/standalone_v5_3/src"
make -C ps7_cortexa9_0/libsrc/standalone_v5_3/src -s libs  "SHELL=CMD" "COMPILER=arm-xilinx-eabi-gcc" "ARCHIVER=arm-xilinx-eabi-ar" "COMPILER_FLAGS=  -O2 -c" "EXTRA_COMPILER_FLAGS=-g"
"Compiling standalone"
"Running Make libs in ps7_cortexa9_0/libsrc/ttcps_v3_0/src"
make -C ps7_cortexa9_0/libsrc/ttcps_v3_0/src -s libs  "SHELL=CMD" "COMPILER=arm-xilinx-eabi-gcc" "ARCHIVER=arm-xilinx-eabi-ar" "COMPILER_FLAGS=  -O2 -c" "EXTRA_COMPILER_FLAGS=-g"
"Compiling ttcps"
"Running Make libs in ps7_cortexa9_0/libsrc/uartps_v3_1/src"
make -C ps7_cortexa9_0/libsrc/uartps_v3_1/src -s libs  "SHELL=CMD" "COMPILER=arm-xilinx-eabi-gcc" "ARCHIVER=arm-xilinx-eabi-ar" "COMPILER_FLAGS=  -O2 -c" "EXTRA_COMPILER_FLAGS=-g"
"Compiling uartps"
"Running Make libs in ps7_cortexa9_0/libsrc/usbps_v2_2/src"
make -C ps7_cortexa9_0/libsrc/usbps_v2_2/src -s libs  "SHELL=CMD" "COMPILER=arm-xilinx-eabi-gcc" "ARCHIVER=arm-xilinx-eabi-ar" "COMPILER_FLAGS=  -O2 -c" "EXTRA_COMPILER_FLAGS=-g"
"Compiling usbps"
"Running Make libs in ps7_cortexa9_0/libsrc/xadcps_v2_2/src"
make -C ps7_cortexa9_0/libsrc/xadcps_v2_2/src -s libs  "SHELL=CMD" "COMPILER=arm-xilinx-eabi-gcc" "ARCHIVER=arm-xilinx-eabi-ar" "COMPILER_FLAGS=  -O2 -c" "EXTRA_COMPILER_FLAGS=-g"
"Compiling xadcps"
'Finished building libraries'
15:00:33 **** Build of configuration Debug for project ov7670_udp ****
make all 
'Building file: ../src/drivers/xaxis_to_ddr_writer.c'
'Invoking: ARM gcc compiler'
arm-xilinx-eabi-gcc -Wall -O0 -g3 -c -fmessage-length=0 -MT"src/drivers/xaxis_to_ddr_writer.o" -I../../ov7670_udp_bsp/ps7_cortexa9_0/include -MMD -MP -MF"src/drivers/xaxis_to_ddr_writer.d" -MT"src/drivers/xaxis_to_ddr_writer.d" -o "src/drivers/xaxis_to_ddr_writer.o" "../src/drivers/xaxis_to_ddr_writer.c"
'Finished building: ../src/drivers/xaxis_to_ddr_writer.c'
' '
'Building file: ../src/drivers/xaxis_to_ddr_writer_sinit.c'
'Invoking: ARM gcc compiler'
arm-xilinx-eabi-gcc -Wall -O0 -g3 -c -fmessage-length=0 -MT"src/drivers/xaxis_to_ddr_writer_sinit.o" -I../../ov7670_udp_bsp/ps7_cortexa9_0/include -MMD -MP -MF"src/drivers/xaxis_to_ddr_writer_sinit.d" -MT"src/drivers/xaxis_to_ddr_writer_sinit.d" -o "src/drivers/xaxis_to_ddr_writer_sinit.o" "../src/drivers/xaxis_to_ddr_writer_sinit.c"
'Finished building: ../src/drivers/xaxis_to_ddr_writer_sinit.c'
' '
'Building file: ../src/drivers/xddr_to_axis_reader.c'
'Invoking: ARM gcc compiler'
arm-xilinx-eabi-gcc -Wall -O0 -g3 -c -fmessage-length=0 -MT"src/drivers/xddr_to_axis_reader.o" -I../../ov7670_udp_bsp/ps7_cortexa9_0/include -MMD -MP -MF"src/drivers/xddr_to_axis_reader.d" -MT"src/drivers/xddr_to_axis_reader.d" -o "src/drivers/xddr_to_axis_reader.o" "../src/drivers/xddr_to_axis_reader.c"
'Finished building: ../src/drivers/xddr_to_axis_reader.c'
' '
'Building file: ../src/drivers/xddr_to_axis_reader_sinit.c'
'Invoking: ARM gcc compiler'
arm-xilinx-eabi-gcc -Wall -O0 -g3 -c -fmessage-length=0 -MT"src/drivers/xddr_to_axis_reader_sinit.o" -I../../ov7670_udp_bsp/ps7_cortexa9_0/include -MMD -MP -MF"src/drivers/xddr_to_axis_reader_sinit.d" -MT"src/drivers/xddr_to_axis_reader_sinit.d" -o "src/drivers/xddr_to_axis_reader_sinit.o" "../src/drivers/xddr_to_axis_reader_sinit.c"
'Finished building: ../src/drivers/xddr_to_axis_reader_sinit.c'
' '
'Building file: ../src/frame_interrupt.c'
'Invoking: ARM gcc compiler'
arm-xilinx-eabi-gcc -Wall -O0 -g3 -c -fmessage-length=0 -MT"src/frame_interrupt.o" -I../../ov7670_udp_bsp/ps7_cortexa9_0/include -MMD -MP -MF"src/frame_interrupt.d" -MT"src/frame_interrupt.d" -o "src/frame_interrupt.o" "../src/frame_interrupt.c"
'Finished building: ../src/frame_interrupt.c'
' '
'Building file: ../src/main.c'
'Invoking: ARM gcc compiler'
arm-xilinx-eabi-gcc -Wall -O0 -g3 -c -fmessage-length=0 -MT"src/main.o" -I../../ov7670_udp_bsp/ps7_cortexa9_0/include -MMD -MP -MF"src/main.d" -MT"src/main.d" -o "src/main.o" "../src/main.c"
../src/main.c: In function 'main':
../src/main.c:183:3: warning: implicit declaration of function 'frame_index_interrupt_handler' [-Wimplicit-function-declaration]
   frame_index_interrupt_handler();
   ^
'Finished building: ../src/main.c'
' '
'Building file: ../src/pl_reset.c'
'Invoking: ARM gcc compiler'
arm-xilinx-eabi-gcc -Wall -O0 -g3 -c -fmessage-length=0 -MT"src/pl_reset.o" -I../../ov7670_udp_bsp/ps7_cortexa9_0/include -MMD -MP -MF"src/pl_reset.d" -MT"src/pl_reset.d" -o "src/pl_reset.o" "../src/pl_reset.c"
../src/pl_reset.c: In function 'pl_reset_keep_for':
../src/pl_reset.c:78:3: warning: implicit declaration of function 'usleep' [-Wimplicit-function-declaration]
   usleep(usec);
   ^
'Finished building: ../src/pl_reset.c'
' '
'Building file: ../src/platform.c'
'Invoking: ARM gcc compiler'
arm-xilinx-eabi-gcc -Wall -O0 -g3 -c -fmessage-length=0 -MT"src/platform.o" -I../../ov7670_udp_bsp/ps7_cortexa9_0/include -MMD -MP -MF"src/platform.d" -MT"src/platform.d" -o "src/platform.o" "../src/platform.c"
'Finished building: ../src/platform.c'
' '
'Building file: ../src/reader.c'
'Invoking: ARM gcc compiler'
arm-xilinx-eabi-gcc -Wall -O0 -g3 -c -fmessage-length=0 -MT"src/reader.o" -I../../ov7670_udp_bsp/ps7_cortexa9_0/include -MMD -MP -MF"src/reader.d" -MT"src/reader.d" -o "src/reader.o" "../src/reader.c"
'Finished building: ../src/reader.c'
' '
'Building target: ov7670_udp.elf'
'Invoking: ARM gcc linker'
arm-xilinx-eabi-gcc -Wl,-T -Wl,../src/lscript.ld -L../../ov7670_udp_bsp/ps7_cortexa9_0/lib -o "ov7670_udp.elf"  ./src/drivers/xaxis_to_ddr_writer.o ./src/drivers/xaxis_to_ddr_writer_sinit.o ./src/drivers/xddr_to_axis_reader.o ./src/drivers/xddr_to_axis_reader_sinit.o  ./src/frame_interrupt.o ./src/main.o ./src/pl_reset.o ./src/platform.o ./src/reader.o   -Wl,--start-group,-lxil,-lgcc,-lc,--end-group -Wl,--start-group,-lxil,-llwip4,-lgcc,-lc,--end-group
'Finished building target: ov7670_udp.elf'
' '
'Invoking: ARM Print Size'
arm-xilinx-eabi-size ov7670_udp.elf  |tee "ov7670_udp.elf.size"
   text	   data	    bss	    dec	    hex	filename
 118144	   3068	23107936	23229148	16272dc	ov7670_udp.elf
'Finished building: ov7670_udp.elf.size'
' '
15:04:10 **** Build of project ov7670_udp_bsp ****
make -k all 
"Running Make include in ps7_cortexa9_0/libsrc/axis_to_ddr_writer_v1_0/src"
make -C ps7_cortexa9_0/libsrc/axis_to_ddr_writer_v1_0/src -s include  "SHELL=CMD" "COMPILER=arm-xilinx-eabi-gcc" "ARCHIVER=arm-xilinx-eabi-ar" "COMPILER_FLAGS=  -O2 -c" "EXTRA_COMPILER_FLAGS=-g"
"Running Make include in ps7_cortexa9_0/libsrc/coresightps_dcc_v1_2/src"
make -C ps7_cortexa9_0/libsrc/coresightps_dcc_v1_2/src -s include  "SHELL=CMD" "COMPILER=arm-xilinx-eabi-gcc" "ARCHIVER=arm-xilinx-eabi-ar" "COMPILER_FLAGS=  -O2 -c" "EXTRA_COMPILER_FLAGS=-g"
"Running Make include in ps7_cortexa9_0/libsrc/cpu_cortexa9_v2_1/src"
make -C ps7_cortexa9_0/libsrc/cpu_cortexa9_v2_1/src -s include  "SHELL=CMD" "COMPILER=arm-xilinx-eabi-gcc" "ARCHIVER=arm-xilinx-eabi-ar" "COMPILER_FLAGS=  -O2 -c" "EXTRA_COMPILER_FLAGS=-g"
"Running Make include in ps7_cortexa9_0/libsrc/ddr_to_axis_reader_v1_0/src"
make -C ps7_cortexa9_0/libsrc/ddr_to_axis_reader_v1_0/src -s include  "SHELL=CMD" "COMPILER=arm-xilinx-eabi-gcc" "ARCHIVER=arm-xilinx-eabi-ar" "COMPILER_FLAGS=  -O2 -c" "EXTRA_COMPILER_FLAGS=-g"
"Running Make include in ps7_cortexa9_0/libsrc/ddrps_v1_0/src"
make -C ps7_cortexa9_0/libsrc/ddrps_v1_0/src -s include  "SHELL=CMD" "COMPILER=arm-xilinx-eabi-gcc" "ARCHIVER=arm-xilinx-eabi-ar" "COMPILER_FLAGS=  -O2 -c" "EXTRA_COMPILER_FLAGS=-g"
"Running Make include in ps7_cortexa9_0/libsrc/devcfg_v3_3/src"
make -C ps7_cortexa9_0/libsrc/devcfg_v3_3/src -s include  "SHELL=CMD" "COMPILER=arm-xilinx-eabi-gcc" "ARCHIVER=arm-xilinx-eabi-ar" "COMPILER_FLAGS=  -O2 -c" "EXTRA_COMPILER_FLAGS=-g"
"Running Make include in ps7_cortexa9_0/libsrc/dmaps_v2_1/src"
make -C ps7_cortexa9_0/libsrc/dmaps_v2_1/src -s include  "SHELL=CMD" "COMPILER=arm-xilinx-eabi-gcc" "ARCHIVER=arm-xilinx-eabi-ar" "COMPILER_FLAGS=  -O2 -c" "EXTRA_COMPILER_FLAGS=-g"
"Running Make include in ps7_cortexa9_0/libsrc/emacps_v3_1/src"
make -C ps7_cortexa9_0/libsrc/emacps_v3_1/src -s include  "SHELL=CMD" "COMPILER=arm-xilinx-eabi-gcc" "ARCHIVER=arm-xilinx-eabi-ar" "COMPILER_FLAGS=  -O2 -c" "EXTRA_COMPILER_FLAGS=-g"
"Running Make include in ps7_cortexa9_0/libsrc/gpio_v4_0/src"
make -C ps7_cortexa9_0/libsrc/gpio_v4_0/src -s include  "SHELL=CMD" "COMPILER=arm-xilinx-eabi-gcc" "ARCHIVER=arm-xilinx-eabi-ar" "COMPILER_FLAGS=  -O2 -c" "EXTRA_COMPILER_FLAGS=-g"
"Running Make include in ps7_cortexa9_0/libsrc/gpiops_v3_1/src"
make -C ps7_cortexa9_0/libsrc/gpiops_v3_1/src -s include  "SHELL=CMD" "COMPILER=arm-xilinx-eabi-gcc" "ARCHIVER=arm-xilinx-eabi-ar" "COMPILER_FLAGS=  -O2 -c" "EXTRA_COMPILER_FLAGS=-g"
"Running Make include in ps7_cortexa9_0/libsrc/lwip141_v1_3/src"
make -C ps7_cortexa9_0/libsrc/lwip141_v1_3/src -s include  "SHELL=CMD" "COMPILER=arm-xilinx-eabi-gcc" "ARCHIVER=arm-xilinx-eabi-ar" "COMPILER_FLAGS=  -O2 -c" "EXTRA_COMPILER_FLAGS=-g"
"Running Make include in ps7_cortexa9_0/libsrc/qspips_v3_2/src"
make -C ps7_cortexa9_0/libsrc/qspips_v3_2/src -s include  "SHELL=CMD" "COMPILER=arm-xilinx-eabi-gcc" "ARCHIVER=arm-xilinx-eabi-ar" "COMPILER_FLAGS=  -O2 -c" "EXTRA_COMPILER_FLAGS=-g"
"Running Make include in ps7_cortexa9_0/libsrc/scugic_v3_1/src"
make -C ps7_cortexa9_0/libsrc/scugic_v3_1/src -s include  "SHELL=CMD" "COMPILER=arm-xilinx-eabi-gcc" "ARCHIVER=arm-xilinx-eabi-ar" "COMPILER_FLAGS=  -O2 -c" "EXTRA_COMPILER_FLAGS=-g"
"Running Make include in ps7_cortexa9_0/libsrc/scutimer_v2_1/src"
make -C ps7_cortexa9_0/libsrc/scutimer_v2_1/src -s include  "SHELL=CMD" "COMPILER=arm-xilinx-eabi-gcc" "ARCHIVER=arm-xilinx-eabi-ar" "COMPILER_FLAGS=  -O2 -c" "EXTRA_COMPILER_FLAGS=-g"
"Running Make include in ps7_cortexa9_0/libsrc/scuwdt_v2_1/src"
make -C ps7_cortexa9_0/libsrc/scuwdt_v2_1/src -s include  "SHELL=CMD" "COMPILER=arm-xilinx-eabi-gcc" "ARCHIVER=arm-xilinx-eabi-ar" "COMPILER_FLAGS=  -O2 -c" "EXTRA_COMPILER_FLAGS=-g"
"Running Make include in ps7_cortexa9_0/libsrc/sdps_v2_6/src"
make -C ps7_cortexa9_0/libsrc/sdps_v2_6/src -s include  "SHELL=CMD" "COMPILER=arm-xilinx-eabi-gcc" "ARCHIVER=arm-xilinx-eabi-ar" "COMPILER_FLAGS=  -O2 -c" "EXTRA_COMPILER_FLAGS=-g"
"Running Make include in ps7_cortexa9_0/libsrc/standalone_v5_3/src"
make -C ps7_cortexa9_0/libsrc/standalone_v5_3/src -s include  "SHELL=CMD" "COMPILER=arm-xilinx-eabi-gcc" "ARCHIVER=arm-xilinx-eabi-ar" "COMPILER_FLAGS=  -O2 -c" "EXTRA_COMPILER_FLAGS=-g"
"Running Make include in ps7_cortexa9_0/libsrc/ttcps_v3_0/src"
make -C ps7_cortexa9_0/libsrc/ttcps_v3_0/src -s include  "SHELL=CMD" "COMPILER=arm-xilinx-eabi-gcc" "ARCHIVER=arm-xilinx-eabi-ar" "COMPILER_FLAGS=  -O2 -c" "EXTRA_COMPILER_FLAGS=-g"
"Running Make include in ps7_cortexa9_0/libsrc/uartps_v3_1/src"
make -C ps7_cortexa9_0/libsrc/uartps_v3_1/src -s include  "SHELL=CMD" "COMPILER=arm-xilinx-eabi-gcc" "ARCHIVER=arm-xilinx-eabi-ar" "COMPILER_FLAGS=  -O2 -c" "EXTRA_COMPILER_FLAGS=-g"
"Running Make include in ps7_cortexa9_0/libsrc/usbps_v2_2/src"
make -C ps7_cortexa9_0/libsrc/usbps_v2_2/src -s include  "SHELL=CMD" "COMPILER=arm-xilinx-eabi-gcc" "ARCHIVER=arm-xilinx-eabi-ar" "COMPILER_FLAGS=  -O2 -c" "EXTRA_COMPILER_FLAGS=-g"
"Running Make include in ps7_cortexa9_0/libsrc/xadcps_v2_2/src"
make -C ps7_cortexa9_0/libsrc/xadcps_v2_2/src -s include  "SHELL=CMD" "COMPILER=arm-xilinx-eabi-gcc" "ARCHIVER=arm-xilinx-eabi-ar" "COMPILER_FLAGS=  -O2 -c" "EXTRA_COMPILER_FLAGS=-g"
"Running Make libs in ps7_cortexa9_0/libsrc/axis_to_ddr_writer_v1_0/src"
make -C ps7_cortexa9_0/libsrc/axis_to_ddr_writer_v1_0/src -s libs  "SHELL=CMD" "COMPILER=arm-xilinx-eabi-gcc" "ARCHIVER=arm-xilinx-eabi-ar" "COMPILER_FLAGS=  -O2 -c" "EXTRA_COMPILER_FLAGS=-g"
"Compiling axis_to_ddr_writer"
arm-xilinx-eabi-ar: creating ../../../lib/libxil.a
"Running Make libs in ps7_cortexa9_0/libsrc/coresightps_dcc_v1_2/src"
make -C ps7_cortexa9_0/libsrc/coresightps_dcc_v1_2/src -s libs  "SHELL=CMD" "COMPILER=arm-xilinx-eabi-gcc" "ARCHIVER=arm-xilinx-eabi-ar" "COMPILER_FLAGS=  -O2 -c" "EXTRA_COMPILER_FLAGS=-g"
"Compiling coresightps_dcc"
"Running Make libs in ps7_cortexa9_0/libsrc/cpu_cortexa9_v2_1/src"
make -C ps7_cortexa9_0/libsrc/cpu_cortexa9_v2_1/src -s libs  "SHELL=CMD" "COMPILER=arm-xilinx-eabi-gcc" "ARCHIVER=arm-xilinx-eabi-ar" "COMPILER_FLAGS=  -O2 -c" "EXTRA_COMPILER_FLAGS=-g"
"Compiling cpu_cortexa9"
"Running Make libs in ps7_cortexa9_0/libsrc/ddr_to_axis_reader_v1_0/src"
make -C ps7_cortexa9_0/libsrc/ddr_to_axis_reader_v1_0/src -s libs  "SHELL=CMD" "COMPILER=arm-xilinx-eabi-gcc" "ARCHIVER=arm-xilinx-eabi-ar" "COMPILER_FLAGS=  -O2 -c" "EXTRA_COMPILER_FLAGS=-g"
"Compiling ddr_to_axis_reader"
"Running Make libs in ps7_cortexa9_0/libsrc/ddrps_v1_0/src"
make -C ps7_cortexa9_0/libsrc/ddrps_v1_0/src -s libs  "SHELL=CMD" "COMPILER=arm-xilinx-eabi-gcc" "ARCHIVER=arm-xilinx-eabi-ar" "COMPILER_FLAGS=  -O2 -c" "EXTRA_COMPILER_FLAGS=-g"
"Compiling ddrps"
"Running Make libs in ps7_cortexa9_0/libsrc/devcfg_v3_3/src"
make -C ps7_cortexa9_0/libsrc/devcfg_v3_3/src -s libs  "SHELL=CMD" "COMPILER=arm-xilinx-eabi-gcc" "ARCHIVER=arm-xilinx-eabi-ar" "COMPILER_FLAGS=  -O2 -c" "EXTRA_COMPILER_FLAGS=-g"
"Compiling devcfg"
"Running Make libs in ps7_cortexa9_0/libsrc/dmaps_v2_1/src"
make -C ps7_cortexa9_0/libsrc/dmaps_v2_1/src -s libs  "SHELL=CMD" "COMPILER=arm-xilinx-eabi-gcc" "ARCHIVER=arm-xilinx-eabi-ar" "COMPILER_FLAGS=  -O2 -c" "EXTRA_COMPILER_FLAGS=-g"
"Compiling dmaps"
"Running Make libs in ps7_cortexa9_0/libsrc/emacps_v3_1/src"
make -C ps7_cortexa9_0/libsrc/emacps_v3_1/src -s libs  "SHELL=CMD" "COMPILER=arm-xilinx-eabi-gcc" "ARCHIVER=arm-xilinx-eabi-ar" "COMPILER_FLAGS=  -O2 -c" "EXTRA_COMPILER_FLAGS=-g"
"Compiling emacps"
"Running Make libs in ps7_cortexa9_0/libsrc/gpio_v4_0/src"
make -C ps7_cortexa9_0/libsrc/gpio_v4_0/src -s libs  "SHELL=CMD" "COMPILER=arm-xilinx-eabi-gcc" "ARCHIVER=arm-xilinx-eabi-ar" "COMPILER_FLAGS=  -O2 -c" "EXTRA_COMPILER_FLAGS=-g"
"Compiling gpio"
"Running Make libs in ps7_cortexa9_0/libsrc/gpiops_v3_1/src"
make -C ps7_cortexa9_0/libsrc/gpiops_v3_1/src -s libs  "SHELL=CMD" "COMPILER=arm-xilinx-eabi-gcc" "ARCHIVER=arm-xilinx-eabi-ar" "COMPILER_FLAGS=  -O2 -c" "EXTRA_COMPILER_FLAGS=-g"
"Compiling gpiops"
"Running Make libs in ps7_cortexa9_0/libsrc/lwip141_v1_3/src"
make -C ps7_cortexa9_0/libsrc/lwip141_v1_3/src -s libs  "SHELL=CMD" "COMPILER=arm-xilinx-eabi-gcc" "ARCHIVER=arm-xilinx-eabi-ar" "COMPILER_FLAGS=  -O2 -c" "EXTRA_COMPILER_FLAGS=-g"
"Compiling lwip src and adapter files"
"Running Make libs in ps7_cortexa9_0/libsrc/qspips_v3_2/src"
make -C ps7_cortexa9_0/libsrc/qspips_v3_2/src -s libs  "SHELL=CMD" "COMPILER=arm-xilinx-eabi-gcc" "ARCHIVER=arm-xilinx-eabi-ar" "COMPILER_FLAGS=  -O2 -c" "EXTRA_COMPILER_FLAGS=-g"
"Compiling qspips"
"Running Make libs in ps7_cortexa9_0/libsrc/scugic_v3_1/src"
make -C ps7_cortexa9_0/libsrc/scugic_v3_1/src -s libs  "SHELL=CMD" "COMPILER=arm-xilinx-eabi-gcc" "ARCHIVER=arm-xilinx-eabi-ar" "COMPILER_FLAGS=  -O2 -c" "EXTRA_COMPILER_FLAGS=-g"
"Compiling scugic"
"Running Make libs in ps7_cortexa9_0/libsrc/scutimer_v2_1/src"
make -C ps7_cortexa9_0/libsrc/scutimer_v2_1/src -s libs  "SHELL=CMD" "COMPILER=arm-xilinx-eabi-gcc" "ARCHIVER=arm-xilinx-eabi-ar" "COMPILER_FLAGS=  -O2 -c" "EXTRA_COMPILER_FLAGS=-g"
"Compiling scutimer"
"Running Make libs in ps7_cortexa9_0/libsrc/scuwdt_v2_1/src"
make -C ps7_cortexa9_0/libsrc/scuwdt_v2_1/src -s libs  "SHELL=CMD" "COMPILER=arm-xilinx-eabi-gcc" "ARCHIVER=arm-xilinx-eabi-ar" "COMPILER_FLAGS=  -O2 -c" "EXTRA_COMPILER_FLAGS=-g"
"Compiling scuwdt"
"Running Make libs in ps7_cortexa9_0/libsrc/sdps_v2_6/src"
make -C ps7_cortexa9_0/libsrc/sdps_v2_6/src -s libs  "SHELL=CMD" "COMPILER=arm-xilinx-eabi-gcc" "ARCHIVER=arm-xilinx-eabi-ar" "COMPILER_FLAGS=  -O2 -c" "EXTRA_COMPILER_FLAGS=-g"
"Compiling sdps"
"Running Make libs in ps7_cortexa9_0/libsrc/standalone_v5_3/src"
make -C ps7_cortexa9_0/libsrc/standalone_v5_3/src -s libs  "SHELL=CMD" "COMPILER=arm-xilinx-eabi-gcc" "ARCHIVER=arm-xilinx-eabi-ar" "COMPILER_FLAGS=  -O2 -c" "EXTRA_COMPILER_FLAGS=-g"
"Compiling standalone"
"Running Make libs in ps7_cortexa9_0/libsrc/ttcps_v3_0/src"
make -C ps7_cortexa9_0/libsrc/ttcps_v3_0/src -s libs  "SHELL=CMD" "COMPILER=arm-xilinx-eabi-gcc" "ARCHIVER=arm-xilinx-eabi-ar" "COMPILER_FLAGS=  -O2 -c" "EXTRA_COMPILER_FLAGS=-g"
"Compiling ttcps"
"Running Make libs in ps7_cortexa9_0/libsrc/uartps_v3_1/src"
make -C ps7_cortexa9_0/libsrc/uartps_v3_1/src -s libs  "SHELL=CMD" "COMPILER=arm-xilinx-eabi-gcc" "ARCHIVER=arm-xilinx-eabi-ar" "COMPILER_FLAGS=  -O2 -c" "EXTRA_COMPILER_FLAGS=-g"
"Compiling uartps"
"Running Make libs in ps7_cortexa9_0/libsrc/usbps_v2_2/src"
make -C ps7_cortexa9_0/libsrc/usbps_v2_2/src -s libs  "SHELL=CMD" "COMPILER=arm-xilinx-eabi-gcc" "ARCHIVER=arm-xilinx-eabi-ar" "COMPILER_FLAGS=  -O2 -c" "EXTRA_COMPILER_FLAGS=-g"
"Compiling usbps"
"Running Make libs in ps7_cortexa9_0/libsrc/xadcps_v2_2/src"
make -C ps7_cortexa9_0/libsrc/xadcps_v2_2/src -s libs  "SHELL=CMD" "COMPILER=arm-xilinx-eabi-gcc" "ARCHIVER=arm-xilinx-eabi-ar" "COMPILER_FLAGS=  -O2 -c" "EXTRA_COMPILER_FLAGS=-g"
"Compiling xadcps"
'Finished building libraries'

**** Build of configuration Debug for project ov7670_udp ****

Nothing to build for project ov7670_udp
15:04:48 **** Auto Build of configuration Debug for project ov7670_udp ****
make all 
'Building file: ../src/drivers/xaxis_to_ddr_writer.c'
'Invoking: ARM gcc compiler'
arm-xilinx-eabi-gcc -Wall -O0 -g3 -c -fmessage-length=0 -MT"src/drivers/xaxis_to_ddr_writer.o" -I../../ov7670_udp_bsp/ps7_cortexa9_0/include -MMD -MP -MF"src/drivers/xaxis_to_ddr_writer.d" -MT"src/drivers/xaxis_to_ddr_writer.d" -o "src/drivers/xaxis_to_ddr_writer.o" "../src/drivers/xaxis_to_ddr_writer.c"
'Finished building: ../src/drivers/xaxis_to_ddr_writer.c'
' '
'Building file: ../src/drivers/xaxis_to_ddr_writer_sinit.c'
'Invoking: ARM gcc compiler'
arm-xilinx-eabi-gcc -Wall -O0 -g3 -c -fmessage-length=0 -MT"src/drivers/xaxis_to_ddr_writer_sinit.o" -I../../ov7670_udp_bsp/ps7_cortexa9_0/include -MMD -MP -MF"src/drivers/xaxis_to_ddr_writer_sinit.d" -MT"src/drivers/xaxis_to_ddr_writer_sinit.d" -o "src/drivers/xaxis_to_ddr_writer_sinit.o" "../src/drivers/xaxis_to_ddr_writer_sinit.c"
'Finished building: ../src/drivers/xaxis_to_ddr_writer_sinit.c'
' '
'Building file: ../src/drivers/xddr_to_axis_reader.c'
'Invoking: ARM gcc compiler'
arm-xilinx-eabi-gcc -Wall -O0 -g3 -c -fmessage-length=0 -MT"src/drivers/xddr_to_axis_reader.o" -I../../ov7670_udp_bsp/ps7_cortexa9_0/include -MMD -MP -MF"src/drivers/xddr_to_axis_reader.d" -MT"src/drivers/xddr_to_axis_reader.d" -o "src/drivers/xddr_to_axis_reader.o" "../src/drivers/xddr_to_axis_reader.c"
'Finished building: ../src/drivers/xddr_to_axis_reader.c'
' '
'Building file: ../src/drivers/xddr_to_axis_reader_sinit.c'
'Invoking: ARM gcc compiler'
arm-xilinx-eabi-gcc -Wall -O0 -g3 -c -fmessage-length=0 -MT"src/drivers/xddr_to_axis_reader_sinit.o" -I../../ov7670_udp_bsp/ps7_cortexa9_0/include -MMD -MP -MF"src/drivers/xddr_to_axis_reader_sinit.d" -MT"src/drivers/xddr_to_axis_reader_sinit.d" -o "src/drivers/xddr_to_axis_reader_sinit.o" "../src/drivers/xddr_to_axis_reader_sinit.c"
'Finished building: ../src/drivers/xddr_to_axis_reader_sinit.c'
' '
'Building file: ../src/frame_interrupt.c'
'Invoking: ARM gcc compiler'
arm-xilinx-eabi-gcc -Wall -O0 -g3 -c -fmessage-length=0 -MT"src/frame_interrupt.o" -I../../ov7670_udp_bsp/ps7_cortexa9_0/include -MMD -MP -MF"src/frame_interrupt.d" -MT"src/frame_interrupt.d" -o "src/frame_interrupt.o" "../src/frame_interrupt.c"
'Finished building: ../src/frame_interrupt.c'
' '
'Building file: ../src/main.c'
'Invoking: ARM gcc compiler'
arm-xilinx-eabi-gcc -Wall -O0 -g3 -c -fmessage-length=0 -MT"src/main.o" -I../../ov7670_udp_bsp/ps7_cortexa9_0/include -MMD -MP -MF"src/main.d" -MT"src/main.d" -o "src/main.o" "../src/main.c"
../src/main.c: In function 'main':
../src/main.c:183:3: warning: implicit declaration of function 'frame_index_interrupt_handler' [-Wimplicit-function-declaration]
   frame_index_interrupt_handler();
   ^
'Finished building: ../src/main.c'
' '
'Building file: ../src/pl_reset.c'
'Invoking: ARM gcc compiler'
arm-xilinx-eabi-gcc -Wall -O0 -g3 -c -fmessage-length=0 -MT"src/pl_reset.o" -I../../ov7670_udp_bsp/ps7_cortexa9_0/include -MMD -MP -MF"src/pl_reset.d" -MT"src/pl_reset.d" -o "src/pl_reset.o" "../src/pl_reset.c"
../src/pl_reset.c: In function 'pl_reset_keep_for':
../src/pl_reset.c:78:3: warning: implicit declaration of function 'usleep' [-Wimplicit-function-declaration]
   usleep(usec);
   ^
'Finished building: ../src/pl_reset.c'
' '
'Building file: ../src/platform.c'
'Invoking: ARM gcc compiler'
arm-xilinx-eabi-gcc -Wall -O0 -g3 -c -fmessage-length=0 -MT"src/platform.o" -I../../ov7670_udp_bsp/ps7_cortexa9_0/include -MMD -MP -MF"src/platform.d" -MT"src/platform.d" -o "src/platform.o" "../src/platform.c"
'Finished building: ../src/platform.c'
' '
'Building file: ../src/reader.c'
'Invoking: ARM gcc compiler'
arm-xilinx-eabi-gcc -Wall -O0 -g3 -c -fmessage-length=0 -MT"src/reader.o" -I../../ov7670_udp_bsp/ps7_cortexa9_0/include -MMD -MP -MF"src/reader.d" -MT"src/reader.d" -o "src/reader.o" "../src/reader.c"
'Finished building: ../src/reader.c'
' '
'Building target: ov7670_udp.elf'
'Invoking: ARM gcc linker'
arm-xilinx-eabi-gcc -Wl,-T -Wl,../src/lscript.ld -L../../ov7670_udp_bsp/ps7_cortexa9_0/lib -o "ov7670_udp.elf"  ./src/drivers/xaxis_to_ddr_writer.o ./src/drivers/xaxis_to_ddr_writer_sinit.o ./src/drivers/xddr_to_axis_reader.o ./src/drivers/xddr_to_axis_reader_sinit.o  ./src/frame_interrupt.o ./src/main.o ./src/pl_reset.o ./src/platform.o ./src/reader.o   -Wl,--start-group,-lxil,-lgcc,-lc,--end-group -Wl,--start-group,-lxil,-llwip4,-lgcc,-lc,--end-group
'Finished building target: ov7670_udp.elf'
' '
'Invoking: ARM Print Size'
arm-xilinx-eabi-size ov7670_udp.elf  |tee "ov7670_udp.elf.size"
   text	   data	    bss	    dec	    hex	filename
 118144	   3068	23107936	23229148	16272dc	ov7670_udp.elf
'Finished building: ov7670_udp.elf.size'
' '
15:04:50 **** Auto Build of configuration Debug for project ov7670_udp ****
make all 
make: Nothing to be done for `all'.
15:05:31 **** Clean-only build of configuration Debug for project ov7670_udp ****
make clean 
rm -rf  ./src/drivers/xaxis_to_ddr_writer.o ./src/drivers/xaxis_to_ddr_writer_sinit.o ./src/drivers/xddr_to_axis_reader.o ./src/drivers/xddr_to_axis_reader_sinit.o  ./src/frame_interrupt.o ./src/main.o ./src/pl_reset.o ./src/platform.o ./src/reader.o  ./src/drivers/xaxis_to_ddr_writer.d ./src/drivers/xaxis_to_ddr_writer_sinit.d ./src/drivers/xddr_to_axis_reader.d ./src/drivers/xddr_to_axis_reader_sinit.d  ./src/frame_interrupt.d ./src/main.d ./src/pl_reset.d ./src/platform.d ./src/reader.d  ov7670_udp.elf.size  ov7670_udp.elf
' '
15:05:31 **** Auto Build of configuration Debug for project ov7670_udp ****
make all 
'Building file: ../src/frame_interrupt.c'
'Invoking: ARM gcc compiler'
arm-xilinx-eabi-gcc -Wall -O0 -g3 -c -fmessage-length=0 -MT"src/frame_interrupt.o" -I../../ov7670_udp_bsp/ps7_cortexa9_0/include -MMD -MP -MF"src/frame_interrupt.d" -MT"src/frame_interrupt.d" -o "src/frame_interrupt.o" "../src/frame_interrupt.c"
'Finished building: ../src/frame_interrupt.c'
' '
'Building file: ../src/main.c'
'Invoking: ARM gcc compiler'
arm-xilinx-eabi-gcc -Wall -O0 -g3 -c -fmessage-length=0 -MT"src/main.o" -I../../ov7670_udp_bsp/ps7_cortexa9_0/include -MMD -MP -MF"src/main.d" -MT"src/main.d" -o "src/main.o" "../src/main.c"
../src/main.c: In function 'main':
../src/main.c:183:3: warning: implicit declaration of function 'frame_index_interrupt_handler' [-Wimplicit-function-declaration]
   frame_index_interrupt_handler();
   ^
'Finished building: ../src/main.c'
' '
'Building file: ../src/pl_reset.c'
'Invoking: ARM gcc compiler'
arm-xilinx-eabi-gcc -Wall -O0 -g3 -c -fmessage-length=0 -MT"src/pl_reset.o" -I../../ov7670_udp_bsp/ps7_cortexa9_0/include -MMD -MP -MF"src/pl_reset.d" -MT"src/pl_reset.d" -o "src/pl_reset.o" "../src/pl_reset.c"
../src/pl_reset.c: In function 'pl_reset_keep_for':
../src/pl_reset.c:78:3: warning: implicit declaration of function 'usleep' [-Wimplicit-function-declaration]
   usleep(usec);
   ^
'Finished building: ../src/pl_reset.c'
' '
'Building file: ../src/platform.c'
'Invoking: ARM gcc compiler'
arm-xilinx-eabi-gcc -Wall -O0 -g3 -c -fmessage-length=0 -MT"src/platform.o" -I../../ov7670_udp_bsp/ps7_cortexa9_0/include -MMD -MP -MF"src/platform.d" -MT"src/platform.d" -o "src/platform.o" "../src/platform.c"
'Finished building: ../src/platform.c'
' '
'Building file: ../src/reader.c'
'Invoking: ARM gcc compiler'
arm-xilinx-eabi-gcc -Wall -O0 -g3 -c -fmessage-length=0 -MT"src/reader.o" -I../../ov7670_udp_bsp/ps7_cortexa9_0/include -MMD -MP -MF"src/reader.d" -MT"src/reader.d" -o "src/reader.o" "../src/reader.c"
'Finished building: ../src/reader.c'
' '
'Building target: ov7670_udp.elf'
'Invoking: ARM gcc linker'
arm-xilinx-eabi-gcc -Wl,-T -Wl,../src/lscript.ld -L../../ov7670_udp_bsp/ps7_cortexa9_0/lib -o "ov7670_udp.elf"  ./src/frame_interrupt.o ./src/main.o ./src/pl_reset.o ./src/platform.o ./src/reader.o   -Wl,--start-group,-lxil,-lgcc,-lc,--end-group -Wl,--start-group,-lxil,-llwip4,-lgcc,-lc,--end-group
'Finished building target: ov7670_udp.elf'
' '
'Invoking: ARM Print Size'
arm-xilinx-eabi-size ov7670_udp.elf  |tee "ov7670_udp.elf.size"
   text	   data	    bss	    dec	    hex	filename
 117888	   3068	23107936	23228892	16271dc	ov7670_udp.elf
'Finished building: ov7670_udp.elf.size'
' '
15:07:03 **** Auto Build of configuration Debug for project ov7670_udp ****
make all 
make: Nothing to be done for `all'.
15:07:23 **** Incremental Build of configuration Debug for project ov7670_udp ****
make all 
make: Nothing to be done for `all'.
15:07:38 **** Incremental Build of configuration Debug for project ov7670_udp ****
make all 
make: Nothing to be done for `all'.
15:07:58 **** Incremental Build of configuration Debug for project ov7670_udp ****
make all 
make: Nothing to be done for `all'.
15:08:36 **** Auto Build of configuration Debug for project ov7670_udp ****
make all 
'Building file: ../src/main.c'
'Invoking: ARM gcc compiler'
arm-xilinx-eabi-gcc -Wall -O0 -g3 -c -fmessage-length=0 -MT"src/main.o" -I../../ov7670_udp_bsp/ps7_cortexa9_0/include -MMD -MP -MF"src/main.d" -MT"src/main.d" -o "src/main.o" "../src/main.c"
../src/main.c: In function 'main':
../src/main.c:183:3: warning: implicit declaration of function 'frame_index_interrupt_handler' [-Wimplicit-function-declaration]
   frame_index_interrupt_handler();
   ^
'Finished building: ../src/main.c'
' '
'Building file: ../src/drivers/ddr_to_axis_reader_v1_0/src/xddr_to_axis_reader.c'
'Invoking: ARM gcc compiler'
arm-xilinx-eabi-gcc -Wall -O0 -g3 -c -fmessage-length=0 -MT"src/drivers/ddr_to_axis_reader_v1_0/src/xddr_to_axis_reader.o" -I../../ov7670_udp_bsp/ps7_cortexa9_0/include -MMD -MP -MF"src/drivers/ddr_to_axis_reader_v1_0/src/xddr_to_axis_reader.d" -MT"src/drivers/ddr_to_axis_reader_v1_0/src/xddr_to_axis_reader.d" -o "src/drivers/ddr_to_axis_reader_v1_0/src/xddr_to_axis_reader.o" "../src/drivers/ddr_to_axis_reader_v1_0/src/xddr_to_axis_reader.c"
'Finished building: ../src/drivers/ddr_to_axis_reader_v1_0/src/xddr_to_axis_reader.c'
' '
'Building file: ../src/drivers/ddr_to_axis_reader_v1_0/src/xddr_to_axis_reader_linux.c'
'Invoking: ARM gcc compiler'
arm-xilinx-eabi-gcc -Wall -O0 -g3 -c -fmessage-length=0 -MT"src/drivers/ddr_to_axis_reader_v1_0/src/xddr_to_axis_reader_linux.o" -I../../ov7670_udp_bsp/ps7_cortexa9_0/include -MMD -MP -MF"src/drivers/ddr_to_axis_reader_v1_0/src/xddr_to_axis_reader_linux.d" -MT"src/drivers/ddr_to_axis_reader_v1_0/src/xddr_to_axis_reader_linux.d" -o "src/drivers/ddr_to_axis_reader_v1_0/src/xddr_to_axis_reader_linux.o" "../src/drivers/ddr_to_axis_reader_v1_0/src/xddr_to_axis_reader_linux.c"
'Finished building: ../src/drivers/ddr_to_axis_reader_v1_0/src/xddr_to_axis_reader_linux.c'
' '
'Building file: ../src/drivers/ddr_to_axis_reader_v1_0/src/xddr_to_axis_reader_sinit.c'
'Invoking: ARM gcc compiler'
arm-xilinx-eabi-gcc -Wall -O0 -g3 -c -fmessage-length=0 -MT"src/drivers/ddr_to_axis_reader_v1_0/src/xddr_to_axis_reader_sinit.o" -I../../ov7670_udp_bsp/ps7_cortexa9_0/include -MMD -MP -MF"src/drivers/ddr_to_axis_reader_v1_0/src/xddr_to_axis_reader_sinit.d" -MT"src/drivers/ddr_to_axis_reader_v1_0/src/xddr_to_axis_reader_sinit.d" -o "src/drivers/ddr_to_axis_reader_v1_0/src/xddr_to_axis_reader_sinit.o" "../src/drivers/ddr_to_axis_reader_v1_0/src/xddr_to_axis_reader_sinit.c"
'Finished building: ../src/drivers/ddr_to_axis_reader_v1_0/src/xddr_to_axis_reader_sinit.c'
' '
'Building file: ../src/drivers/axis_to_ddr_writer_v1_0/src/xaxis_to_ddr_writer.c'
'Invoking: ARM gcc compiler'
arm-xilinx-eabi-gcc -Wall -O0 -g3 -c -fmessage-length=0 -MT"src/drivers/axis_to_ddr_writer_v1_0/src/xaxis_to_ddr_writer.o" -I../../ov7670_udp_bsp/ps7_cortexa9_0/include -MMD -MP -MF"src/drivers/axis_to_ddr_writer_v1_0/src/xaxis_to_ddr_writer.d" -MT"src/drivers/axis_to_ddr_writer_v1_0/src/xaxis_to_ddr_writer.d" -o "src/drivers/axis_to_ddr_writer_v1_0/src/xaxis_to_ddr_writer.o" "../src/drivers/axis_to_ddr_writer_v1_0/src/xaxis_to_ddr_writer.c"
'Finished building: ../src/drivers/axis_to_ddr_writer_v1_0/src/xaxis_to_ddr_writer.c'
' '
'Building file: ../src/drivers/axis_to_ddr_writer_v1_0/src/xaxis_to_ddr_writer_linux.c'
'Invoking: ARM gcc compiler'
arm-xilinx-eabi-gcc -Wall -O0 -g3 -c -fmessage-length=0 -MT"src/drivers/axis_to_ddr_writer_v1_0/src/xaxis_to_ddr_writer_linux.o" -I../../ov7670_udp_bsp/ps7_cortexa9_0/include -MMD -MP -MF"src/drivers/axis_to_ddr_writer_v1_0/src/xaxis_to_ddr_writer_linux.d" -MT"src/drivers/axis_to_ddr_writer_v1_0/src/xaxis_to_ddr_writer_linux.d" -o "src/drivers/axis_to_ddr_writer_v1_0/src/xaxis_to_ddr_writer_linux.o" "../src/drivers/axis_to_ddr_writer_v1_0/src/xaxis_to_ddr_writer_linux.c"
'Finished building: ../src/drivers/axis_to_ddr_writer_v1_0/src/xaxis_to_ddr_writer_linux.c'
' '
'Building file: ../src/drivers/axis_to_ddr_writer_v1_0/src/xaxis_to_ddr_writer_sinit.c'
'Invoking: ARM gcc compiler'
[...]
'Invoking: ARM gcc compiler'
arm-xilinx-eabi-gcc -Wall -O0 -g3 -c -fmessage-length=0 -MT"src/pl_reset.o" -I../../ov7670_udp_bsp/ps7_cortexa9_0/include -MMD -MP -MF"src/pl_reset.d" -MT"src/pl_reset.d" -o "src/pl_reset.o" "../src/pl_reset.c"
../src/pl_reset.c: In function 'pl_reset_keep_for':
../src/pl_reset.c:82:3: warning: implicit declaration of function 'usleep' [-Wimplicit-function-declaration]
   usleep(usec);
   ^
'Finished building: ../src/pl_reset.c'
' '
'Building file: ../src/platform.c'
'Invoking: ARM gcc compiler'
arm-xilinx-eabi-gcc -Wall -O0 -g3 -c -fmessage-length=0 -MT"src/platform.o" -I../../ov7670_udp_bsp/ps7_cortexa9_0/include -MMD -MP -MF"src/platform.d" -MT"src/platform.d" -o "src/platform.o" "../src/platform.c"
'Finished building: ../src/platform.c'
' '
'Building target: ov7670_udp.elf'
'Invoking: ARM gcc linker'
arm-xilinx-eabi-gcc -Wl,-T -Wl,../src/lscript.ld -L../../ov7670_udp_bsp/ps7_cortexa9_0/lib -o "ov7670_udp.elf"  ./src/frame_interrupt.o ./src/interrupt.o ./src/main.o ./src/pl_reset.o ./src/platform.o   -Wl,--start-group,-lxil,-lgcc,-lc,--end-group -Wl,--start-group,-lxil,-llwip4,-lgcc,-lc,--end-group
'Finished building target: ov7670_udp.elf'
' '
'Invoking: ARM Print Size'
arm-xilinx-eabi-size ov7670_udp.elf  |tee "ov7670_udp.elf.size"
   text	   data	    bss	    dec	    hex	filename
 119888	   3068	23107936	23230892	16279ac	ov7670_udp.elf
'Finished building: ov7670_udp.elf.size'
' '
20:57:03 **** Incremental Build of configuration Debug for project ov7670_udp ****
make all 
make: Nothing to be done for `all'.
20:57:13 **** Incremental Build of configuration Debug for project ov7670_udp ****
make all 
make: Nothing to be done for `all'.
20:59:13 **** Auto Build of configuration Debug for project ov7670_udp ****
make all 
'Building file: ../src/main.c'
'Invoking: ARM gcc compiler'
arm-xilinx-eabi-gcc -Wall -O0 -g3 -c -fmessage-length=0 -MT"src/main.o" -I../../ov7670_udp_bsp/ps7_cortexa9_0/include -MMD -MP -MF"src/main.d" -MT"src/main.d" -o "src/main.o" "../src/main.c"
../src/main.c: In function 'main':
../src/main.c:166:6: warning: unused variable 'j' [-Wunused-variable]
  int j = 0;
      ^
../src/main.c: In function 'enable_interrupts':
../src/main.c:268:2: warning: implicit declaration of function 'frame_interrupt_enable' [-Wimplicit-function-declaration]
  frame_interrupt_enable();
  ^
'Finished building: ../src/main.c'
' '
'Building target: ov7670_udp.elf'
'Invoking: ARM gcc linker'
arm-xilinx-eabi-gcc -Wl,-T -Wl,../src/lscript.ld -L../../ov7670_udp_bsp/ps7_cortexa9_0/lib -o "ov7670_udp.elf"  ./src/frame_interrupt.o ./src/interrupt.o ./src/main.o ./src/pl_reset.o ./src/platform.o   -Wl,--start-group,-lxil,-lgcc,-lc,--end-group -Wl,--start-group,-lxil,-llwip4,-lgcc,-lc,--end-group
'Finished building target: ov7670_udp.elf'
' '
'Invoking: ARM Print Size'
arm-xilinx-eabi-size ov7670_udp.elf  |tee "ov7670_udp.elf.size"
   text	   data	    bss	    dec	    hex	filename
 119888	   3068	23107936	23230892	16279ac	ov7670_udp.elf
'Finished building: ov7670_udp.elf.size'
' '
12:50:55 **** Build of project ov7670_udp_bsp ****
make -k all 
"Running Make include in ps7_cortexa9_0/libsrc/axis_to_ddr_writer_v1_0/src"
make -C ps7_cortexa9_0/libsrc/axis_to_ddr_writer_v1_0/src -s include  "SHELL=CMD" "COMPILER=arm-xilinx-eabi-gcc" "ARCHIVER=arm-xilinx-eabi-ar" "COMPILER_FLAGS=  -O2 -c" "EXTRA_COMPILER_FLAGS=-g"
"Running Make include in ps7_cortexa9_0/libsrc/coresightps_dcc_v1_2/src"
make -C ps7_cortexa9_0/libsrc/coresightps_dcc_v1_2/src -s include  "SHELL=CMD" "COMPILER=arm-xilinx-eabi-gcc" "ARCHIVER=arm-xilinx-eabi-ar" "COMPILER_FLAGS=  -O2 -c" "EXTRA_COMPILER_FLAGS=-g"
"Running Make include in ps7_cortexa9_0/libsrc/cpu_cortexa9_v2_1/src"
make -C ps7_cortexa9_0/libsrc/cpu_cortexa9_v2_1/src -s include  "SHELL=CMD" "COMPILER=arm-xilinx-eabi-gcc" "ARCHIVER=arm-xilinx-eabi-ar" "COMPILER_FLAGS=  -O2 -c" "EXTRA_COMPILER_FLAGS=-g"
"Running Make include in ps7_cortexa9_0/libsrc/ddr_to_axis_reader_v1_0/src"
make -C ps7_cortexa9_0/libsrc/ddr_to_axis_reader_v1_0/src -s include  "SHELL=CMD" "COMPILER=arm-xilinx-eabi-gcc" "ARCHIVER=arm-xilinx-eabi-ar" "COMPILER_FLAGS=  -O2 -c" "EXTRA_COMPILER_FLAGS=-g"
"Running Make include in ps7_cortexa9_0/libsrc/ddrps_v1_0/src"
make -C ps7_cortexa9_0/libsrc/ddrps_v1_0/src -s include  "SHELL=CMD" "COMPILER=arm-xilinx-eabi-gcc" "ARCHIVER=arm-xilinx-eabi-ar" "COMPILER_FLAGS=  -O2 -c" "EXTRA_COMPILER_FLAGS=-g"
"Running Make include in ps7_cortexa9_0/libsrc/devcfg_v3_3/src"
make -C ps7_cortexa9_0/libsrc/devcfg_v3_3/src -s include  "SHELL=CMD" "COMPILER=arm-xilinx-eabi-gcc" "ARCHIVER=arm-xilinx-eabi-ar" "COMPILER_FLAGS=  -O2 -c" "EXTRA_COMPILER_FLAGS=-g"
"Running Make include in ps7_cortexa9_0/libsrc/dmaps_v2_1/src"
make -C ps7_cortexa9_0/libsrc/dmaps_v2_1/src -s include  "SHELL=CMD" "COMPILER=arm-xilinx-eabi-gcc" "ARCHIVER=arm-xilinx-eabi-ar" "COMPILER_FLAGS=  -O2 -c" "EXTRA_COMPILER_FLAGS=-g"
"Running Make include in ps7_cortexa9_0/libsrc/emacps_v3_1/src"
make -C ps7_cortexa9_0/libsrc/emacps_v3_1/src -s include  "SHELL=CMD" "COMPILER=arm-xilinx-eabi-gcc" "ARCHIVER=arm-xilinx-eabi-ar" "COMPILER_FLAGS=  -O2 -c" "EXTRA_COMPILER_FLAGS=-g"
"Running Make include in ps7_cortexa9_0/libsrc/gpio_v4_0/src"
make -C ps7_cortexa9_0/libsrc/gpio_v4_0/src -s include  "SHELL=CMD" "COMPILER=arm-xilinx-eabi-gcc" "ARCHIVER=arm-xilinx-eabi-ar" "COMPILER_FLAGS=  -O2 -c" "EXTRA_COMPILER_FLAGS=-g"
"Running Make include in ps7_cortexa9_0/libsrc/gpiops_v3_1/src"
make -C ps7_cortexa9_0/libsrc/gpiops_v3_1/src -s include  "SHELL=CMD" "COMPILER=arm-xilinx-eabi-gcc" "ARCHIVER=arm-xilinx-eabi-ar" "COMPILER_FLAGS=  -O2 -c" "EXTRA_COMPILER_FLAGS=-g"
"Running Make include in ps7_cortexa9_0/libsrc/lwip141_v1_3/src"
make -C ps7_cortexa9_0/libsrc/lwip141_v1_3/src -s include  "SHELL=CMD" "COMPILER=arm-xilinx-eabi-gcc" "ARCHIVER=arm-xilinx-eabi-ar" "COMPILER_FLAGS=  -O2 -c" "EXTRA_COMPILER_FLAGS=-g"
"Running Make include in ps7_cortexa9_0/libsrc/qspips_v3_2/src"
make -C ps7_cortexa9_0/libsrc/qspips_v3_2/src -s include  "SHELL=CMD" "COMPILER=arm-xilinx-eabi-gcc" "ARCHIVER=arm-xilinx-eabi-ar" "COMPILER_FLAGS=  -O2 -c" "EXTRA_COMPILER_FLAGS=-g"
"Running Make include in ps7_cortexa9_0/libsrc/scugic_v3_1/src"
make -C ps7_cortexa9_0/libsrc/scugic_v3_1/src -s include  "SHELL=CMD" "COMPILER=arm-xilinx-eabi-gcc" "ARCHIVER=arm-xilinx-eabi-ar" "COMPILER_FLAGS=  -O2 -c" "EXTRA_COMPILER_FLAGS=-g"
"Running Make include in ps7_cortexa9_0/libsrc/scutimer_v2_1/src"
make -C ps7_cortexa9_0/libsrc/scutimer_v2_1/src -s include  "SHELL=CMD" "COMPILER=arm-xilinx-eabi-gcc" "ARCHIVER=arm-xilinx-eabi-ar" "COMPILER_FLAGS=  -O2 -c" "EXTRA_COMPILER_FLAGS=-g"
"Running Make include in ps7_cortexa9_0/libsrc/scuwdt_v2_1/src"
make -C ps7_cortexa9_0/libsrc/scuwdt_v2_1/src -s include  "SHELL=CMD" "COMPILER=arm-xilinx-eabi-gcc" "ARCHIVER=arm-xilinx-eabi-ar" "COMPILER_FLAGS=  -O2 -c" "EXTRA_COMPILER_FLAGS=-g"
"Running Make include in ps7_cortexa9_0/libsrc/sdps_v2_6/src"
make -C ps7_cortexa9_0/libsrc/sdps_v2_6/src -s include  "SHELL=CMD" "COMPILER=arm-xilinx-eabi-gcc" "ARCHIVER=arm-xilinx-eabi-ar" "COMPILER_FLAGS=  -O2 -c" "EXTRA_COMPILER_FLAGS=-g"
"Running Make include in ps7_cortexa9_0/libsrc/standalone_v5_3/src"
make -C ps7_cortexa9_0/libsrc/standalone_v5_3/src -s include  "SHELL=CMD" "COMPILER=arm-xilinx-eabi-gcc" "ARCHIVER=arm-xilinx-eabi-ar" "COMPILER_FLAGS=  -O2 -c" "EXTRA_COMPILER_FLAGS=-g"
"Running Make include in ps7_cortexa9_0/libsrc/ttcps_v3_0/src"
make -C ps7_cortexa9_0/libsrc/ttcps_v3_0/src -s include  "SHELL=CMD" "COMPILER=arm-xilinx-eabi-gcc" "ARCHIVER=arm-xilinx-eabi-ar" "COMPILER_FLAGS=  -O2 -c" "EXTRA_COMPILER_FLAGS=-g"
"Running Make include in ps7_cortexa9_0/libsrc/uartps_v3_1/src"
make -C ps7_cortexa9_0/libsrc/uartps_v3_1/src -s include  "SHELL=CMD" "COMPILER=arm-xilinx-eabi-gcc" "ARCHIVER=arm-xilinx-eabi-ar" "COMPILER_FLAGS=  -O2 -c" "EXTRA_COMPILER_FLAGS=-g"
"Running Make include in ps7_cortexa9_0/libsrc/usbps_v2_2/src"
make -C ps7_cortexa9_0/libsrc/usbps_v2_2/src -s include  "SHELL=CMD" "COMPILER=arm-xilinx-eabi-gcc" "ARCHIVER=arm-xilinx-eabi-ar" "COMPILER_FLAGS=  -O2 -c" "EXTRA_COMPILER_FLAGS=-g"
"Running Make include in ps7_cortexa9_0/libsrc/xadcps_v2_2/src"
make -C ps7_cortexa9_0/libsrc/xadcps_v2_2/src -s include  "SHELL=CMD" "COMPILER=arm-xilinx-eabi-gcc" "ARCHIVER=arm-xilinx-eabi-ar" "COMPILER_FLAGS=  -O2 -c" "EXTRA_COMPILER_FLAGS=-g"
"Running Make libs in ps7_cortexa9_0/libsrc/axis_to_ddr_writer_v1_0/src"
make -C ps7_cortexa9_0/libsrc/axis_to_ddr_writer_v1_0/src -s libs  "SHELL=CMD" "COMPILER=arm-xilinx-eabi-gcc" "ARCHIVER=arm-xilinx-eabi-ar" "COMPILER_FLAGS=  -O2 -c" "EXTRA_COMPILER_FLAGS=-g"
"Compiling axis_to_ddr_writer"
"Running Make libs in ps7_cortexa9_0/libsrc/coresightps_dcc_v1_2/src"
make -C ps7_cortexa9_0/libsrc/coresightps_dcc_v1_2/src -s libs  "SHELL=CMD" "COMPILER=arm-xilinx-eabi-gcc" "ARCHIVER=arm-xilinx-eabi-ar" "COMPILER_FLAGS=  -O2 -c" "EXTRA_COMPILER_FLAGS=-g"
"Compiling coresightps_dcc"
"Running Make libs in ps7_cortexa9_0/libsrc/cpu_cortexa9_v2_1/src"
make -C ps7_cortexa9_0/libsrc/cpu_cortexa9_v2_1/src -s libs  "SHELL=CMD" "COMPILER=arm-xilinx-eabi-gcc" "ARCHIVER=arm-xilinx-eabi-ar" "COMPILER_FLAGS=  -O2 -c" "EXTRA_COMPILER_FLAGS=-g"
"Compiling cpu_cortexa9"
"Running Make libs in ps7_cortexa9_0/libsrc/ddr_to_axis_reader_v1_0/src"
make -C ps7_cortexa9_0/libsrc/ddr_to_axis_reader_v1_0/src -s libs  "SHELL=CMD" "COMPILER=arm-xilinx-eabi-gcc" "ARCHIVER=arm-xilinx-eabi-ar" "COMPILER_FLAGS=  -O2 -c" "EXTRA_COMPILER_FLAGS=-g"
"Compiling ddr_to_axis_reader"
"Running Make libs in ps7_cortexa9_0/libsrc/ddrps_v1_0/src"
make -C ps7_cortexa9_0/libsrc/ddrps_v1_0/src -s libs  "SHELL=CMD" "COMPILER=arm-xilinx-eabi-gcc" "ARCHIVER=arm-xilinx-eabi-ar" "COMPILER_FLAGS=  -O2 -c" "EXTRA_COMPILER_FLAGS=-g"
"Compiling ddrps"
"Running Make libs in ps7_cortexa9_0/libsrc/devcfg_v3_3/src"
make -C ps7_cortexa9_0/libsrc/devcfg_v3_3/src -s libs  "SHELL=CMD" "COMPILER=arm-xilinx-eabi-gcc" "ARCHIVER=arm-xilinx-eabi-ar" "COMPILER_FLAGS=  -O2 -c" "EXTRA_COMPILER_FLAGS=-g"
"Compiling devcfg"
"Running Make libs in ps7_cortexa9_0/libsrc/dmaps_v2_1/src"
make -C ps7_cortexa9_0/libsrc/dmaps_v2_1/src -s libs  "SHELL=CMD" "COMPILER=arm-xilinx-eabi-gcc" "ARCHIVER=arm-xilinx-eabi-ar" "COMPILER_FLAGS=  -O2 -c" "EXTRA_COMPILER_FLAGS=-g"
"Compiling dmaps"
"Running Make libs in ps7_cortexa9_0/libsrc/emacps_v3_1/src"
make -C ps7_cortexa9_0/libsrc/emacps_v3_1/src -s libs  "SHELL=CMD" "COMPILER=arm-xilinx-eabi-gcc" "ARCHIVER=arm-xilinx-eabi-ar" "COMPILER_FLAGS=  -O2 -c" "EXTRA_COMPILER_FLAGS=-g"
"Compiling emacps"
"Running Make libs in ps7_cortexa9_0/libsrc/gpio_v4_0/src"
make -C ps7_cortexa9_0/libsrc/gpio_v4_0/src -s libs  "SHELL=CMD" "COMPILER=arm-xilinx-eabi-gcc" "ARCHIVER=arm-xilinx-eabi-ar" "COMPILER_FLAGS=  -O2 -c" "EXTRA_COMPILER_FLAGS=-g"
"Compiling gpio"
"Running Make libs in ps7_cortexa9_0/libsrc/gpiops_v3_1/src"
make -C ps7_cortexa9_0/libsrc/gpiops_v3_1/src -s libs  "SHELL=CMD" "COMPILER=arm-xilinx-eabi-gcc" "ARCHIVER=arm-xilinx-eabi-ar" "COMPILER_FLAGS=  -O2 -c" "EXTRA_COMPILER_FLAGS=-g"
"Compiling gpiops"
"Running Make libs in ps7_cortexa9_0/libsrc/lwip141_v1_3/src"
make -C ps7_cortexa9_0/libsrc/lwip141_v1_3/src -s libs  "SHELL=CMD" "COMPILER=arm-xilinx-eabi-gcc" "ARCHIVER=arm-xilinx-eabi-ar" "COMPILER_FLAGS=  -O2 -c" "EXTRA_COMPILER_FLAGS=-g"
"Compiling lwip src and adapter files"
"Running Make libs in ps7_cortexa9_0/libsrc/qspips_v3_2/src"
make -C ps7_cortexa9_0/libsrc/qspips_v3_2/src -s libs  "SHELL=CMD" "COMPILER=arm-xilinx-eabi-gcc" "ARCHIVER=arm-xilinx-eabi-ar" "COMPILER_FLAGS=  -O2 -c" "EXTRA_COMPILER_FLAGS=-g"
"Compiling qspips"
"Running Make libs in ps7_cortexa9_0/libsrc/scugic_v3_1/src"
make -C ps7_cortexa9_0/libsrc/scugic_v3_1/src -s libs  "SHELL=CMD" "COMPILER=arm-xilinx-eabi-gcc" "ARCHIVER=arm-xilinx-eabi-ar" "COMPILER_FLAGS=  -O2 -c" "EXTRA_COMPILER_FLAGS=-g"
"Compiling scugic"
"Running Make libs in ps7_cortexa9_0/libsrc/scutimer_v2_1/src"
make -C ps7_cortexa9_0/libsrc/scutimer_v2_1/src -s libs  "SHELL=CMD" "COMPILER=arm-xilinx-eabi-gcc" "ARCHIVER=arm-xilinx-eabi-ar" "COMPILER_FLAGS=  -O2 -c" "EXTRA_COMPILER_FLAGS=-g"
"Compiling scutimer"
"Running Make libs in ps7_cortexa9_0/libsrc/scuwdt_v2_1/src"
make -C ps7_cortexa9_0/libsrc/scuwdt_v2_1/src -s libs  "SHELL=CMD" "COMPILER=arm-xilinx-eabi-gcc" "ARCHIVER=arm-xilinx-eabi-ar" "COMPILER_FLAGS=  -O2 -c" "EXTRA_COMPILER_FLAGS=-g"
"Compiling scuwdt"
"Running Make libs in ps7_cortexa9_0/libsrc/sdps_v2_6/src"
make -C ps7_cortexa9_0/libsrc/sdps_v2_6/src -s libs  "SHELL=CMD" "COMPILER=arm-xilinx-eabi-gcc" "ARCHIVER=arm-xilinx-eabi-ar" "COMPILER_FLAGS=  -O2 -c" "EXTRA_COMPILER_FLAGS=-g"
"Compiling sdps"
"Running Make libs in ps7_cortexa9_0/libsrc/standalone_v5_3/src"
make -C ps7_cortexa9_0/libsrc/standalone_v5_3/src -s libs  "SHELL=CMD" "COMPILER=arm-xilinx-eabi-gcc" "ARCHIVER=arm-xilinx-eabi-ar" "COMPILER_FLAGS=  -O2 -c" "EXTRA_COMPILER_FLAGS=-g"
"Compiling standalone"
"Running Make libs in ps7_cortexa9_0/libsrc/ttcps_v3_0/src"
make -C ps7_cortexa9_0/libsrc/ttcps_v3_0/src -s libs  "SHELL=CMD" "COMPILER=arm-xilinx-eabi-gcc" "ARCHIVER=arm-xilinx-eabi-ar" "COMPILER_FLAGS=  -O2 -c" "EXTRA_COMPILER_FLAGS=-g"
"Compiling ttcps"
"Running Make libs in ps7_cortexa9_0/libsrc/uartps_v3_1/src"
make -C ps7_cortexa9_0/libsrc/uartps_v3_1/src -s libs  "SHELL=CMD" "COMPILER=arm-xilinx-eabi-gcc" "ARCHIVER=arm-xilinx-eabi-ar" "COMPILER_FLAGS=  -O2 -c" "EXTRA_COMPILER_FLAGS=-g"
"Compiling uartps"
"Running Make libs in ps7_cortexa9_0/libsrc/usbps_v2_2/src"
make -C ps7_cortexa9_0/libsrc/usbps_v2_2/src -s libs  "SHELL=CMD" "COMPILER=arm-xilinx-eabi-gcc" "ARCHIVER=arm-xilinx-eabi-ar" "COMPILER_FLAGS=  -O2 -c" "EXTRA_COMPILER_FLAGS=-g"
"Compiling usbps"
"Running Make libs in ps7_cortexa9_0/libsrc/xadcps_v2_2/src"
make -C ps7_cortexa9_0/libsrc/xadcps_v2_2/src -s libs  "SHELL=CMD" "COMPILER=arm-xilinx-eabi-gcc" "ARCHIVER=arm-xilinx-eabi-ar" "COMPILER_FLAGS=  -O2 -c" "EXTRA_COMPILER_FLAGS=-g"
"Compiling xadcps"
'Finished building libraries'
13:09:07 **** Build of configuration Debug for project ov7670_udp ****
make all 
'Building file: ../src/frame_interrupt.c'
'Invoking: ARM gcc compiler'
arm-xilinx-eabi-gcc -Wall -O0 -g3 -c -fmessage-length=0 -MT"src/frame_interrupt.o" -I../../ov7670_udp_bsp/ps7_cortexa9_0/include -MMD -MP -MF"src/frame_interrupt.d" -MT"src/frame_interrupt.o" -o "src/frame_interrupt.o" "../src/frame_interrupt.c"
'Finished building: ../src/frame_interrupt.c'
' '
'Building file: ../src/interrupt.c'
'Invoking: ARM gcc compiler'
arm-xilinx-eabi-gcc -Wall -O0 -g3 -c -fmessage-length=0 -MT"src/interrupt.o" -I../../ov7670_udp_bsp/ps7_cortexa9_0/include -MMD -MP -MF"src/interrupt.d" -MT"src/interrupt.o" -o "src/interrupt.o" "../src/interrupt.c"
../src/main.c: In function 'main':
../src/main.c:166:6: warning: unused variable 'j' [-Wunused-variable]
  int j = 0;
      ^
../src/main.c: In function 'enable_interrupts':
../src/main.c:268:2: warning: implicit declaration of function 'frame_interrupt_enable' [-Wimplicit-function-declaration]
  frame_interrupt_enable();
  ^
../src/pl_reset.c: In function 'pl_reset_keep_for':
../src/pl_reset.c:82:3: warning: implicit declaration of function 'usleep' [-Wimplicit-function-declaration]
   usleep(usec);
   ^
'Finished building: ../src/interrupt.c'
' '
'Building file: ../src/main.c'
'Invoking: ARM gcc compiler'
arm-xilinx-eabi-gcc -Wall -O0 -g3 -c -fmessage-length=0 -MT"src/main.o" -I../../ov7670_udp_bsp/ps7_cortexa9_0/include -MMD -MP -MF"src/main.d" -MT"src/main.o" -o "src/main.o" "../src/main.c"
'Finished building: ../src/main.c'
' '
'Building file: ../src/pl_reset.c'
'Invoking: ARM gcc compiler'
arm-xilinx-eabi-gcc -Wall -O0 -g3 -c -fmessage-length=0 -MT"src/pl_reset.o" -I../../ov7670_udp_bsp/ps7_cortexa9_0/include -MMD -MP -MF"src/pl_reset.d" -MT"src/pl_reset.o" -o "src/pl_reset.o" "../src/pl_reset.c"
'Finished building: ../src/pl_reset.c'
' '
'Building file: ../src/platform.c'
'Invoking: ARM gcc compiler'
arm-xilinx-eabi-gcc -Wall -O0 -g3 -c -fmessage-length=0 -MT"src/platform.o" -I../../ov7670_udp_bsp/ps7_cortexa9_0/include -MMD -MP -MF"src/platform.d" -MT"src/platform.o" -o "src/platform.o" "../src/platform.c"
'Finished building: ../src/platform.c'
' '
'Building target: ov7670_udp.elf'
'Invoking: ARM gcc linker'
arm-xilinx-eabi-gcc -Wl,-T -Wl,../src/lscript.ld -L../../ov7670_udp_bsp/ps7_cortexa9_0/lib -o "ov7670_udp.elf"  ./src/frame_interrupt.o ./src/interrupt.o ./src/main.o ./src/pl_reset.o ./src/platform.o   -Wl,--start-group,-lxil,-lgcc,-lc,--end-group -Wl,--start-group,-lxil,-llwip4,-lgcc,-lc,--end-group
'Finished building target: ov7670_udp.elf'
' '
'Invoking: ARM Print Size'
arm-xilinx-eabi-size ov7670_udp.elf  |tee "ov7670_udp.elf.size"
   text	   data	    bss	    dec	    hex	filename
 119888	   3068	23107936	23230892	16279ac	ov7670_udp.elf
'Finished building: ov7670_udp.elf.size'
' '
13:12:00 **** Incremental Build of configuration Debug for project ov7670_udp ****
make all 
make: Nothing to be done for `all'.
13:17:21 **** Auto Build of configuration Debug for project ov7670_udp ****
make all 
../src/main.c: In function 'main':
../src/main.c:168:6: warning: unused variable 'j' [-Wunused-variable]
  int j = 0;
      ^
../src/main.c: In function 'enable_interrupts':
../src/main.c:270:2: warning: implicit declaration of function 'frame_interrupt_enable' [-Wimplicit-function-declaration]
  frame_interrupt_enable();
  ^
'Building file: ../src/main.c'
'Invoking: ARM gcc compiler'
arm-xilinx-eabi-gcc -Wall -O0 -g3 -c -fmessage-length=0 -MT"src/main.o" -I../../ov7670_udp_bsp/ps7_cortexa9_0/include -MMD -MP -MF"src/main.d" -MT"src/main.o" -o "src/main.o" "../src/main.c"
'Finished building: ../src/main.c'
' '
'Building target: ov7670_udp.elf'
'Invoking: ARM gcc linker'
arm-xilinx-eabi-gcc -Wl,-T -Wl,../src/lscript.ld -L../../ov7670_udp_bsp/ps7_cortexa9_0/lib -o "ov7670_udp.elf"  ./src/frame_interrupt.o ./src/interrupt.o ./src/main.o ./src/pl_reset.o ./src/platform.o   -Wl,--start-group,-lxil,-lgcc,-lc,--end-group -Wl,--start-group,-lxil,-llwip4,-lgcc,-lc,--end-group
'Finished building target: ov7670_udp.elf'
' '
'Invoking: ARM Print Size'
arm-xilinx-eabi-size ov7670_udp.elf  |tee "ov7670_udp.elf.size"
   text	   data	    bss	    dec	    hex	filename
 119896	   3068	23107936	23230900	16279b4	ov7670_udp.elf
'Finished building: ov7670_udp.elf.size'
' '
13:18:06 **** Auto Build of configuration Debug for project ov7670_udp ****
make all 
'Building file: ../src/main.c'
'Invoking: ARM gcc compiler'
arm-xilinx-eabi-gcc -Wall -O0 -g3 -c -fmessage-length=0 -MT"src/main.o" -I../../ov7670_udp_bsp/ps7_cortexa9_0/include -MMD -MP -MF"src/main.d" -MT"src/main.o" -o "src/main.o" "../src/main.c"
'Finished building: ../src/main.c'
' '
'Building target: ov7670_udp.elf'
'Invoking: ARM gcc linker'
arm-xilinx-eabi-gcc -Wl,-T -Wl,../src/lscript.ld -L../../ov7670_udp_bsp/ps7_cortexa9_0/lib -o "ov7670_udp.elf"  ./src/frame_interrupt.o ./src/interrupt.o ./src/main.o ./src/pl_reset.o ./src/platform.o   -Wl,--start-group,-lxil,-lgcc,-lc,--end-group -Wl,--start-group,-lxil,-llwip4,-lgcc,-lc,--end-group
../src/main.c: In function 'main':
../src/main.c:170:6: warning: unused variable 'j' [-Wunused-variable]
  int j = 0;
      ^
../src/main.c: In function 'enable_interrupts':
../src/main.c:272:2: warning: implicit declaration of function 'frame_interrupt_enable' [-Wimplicit-function-declaration]
  frame_interrupt_enable();
  ^
'Finished building target: ov7670_udp.elf'
' '
'Invoking: ARM Print Size'
arm-xilinx-eabi-size ov7670_udp.elf  |tee "ov7670_udp.elf.size"
   text	   data	    bss	    dec	    hex	filename
 119896	   3068	23107936	23230900	16279b4	ov7670_udp.elf
'Finished building: ov7670_udp.elf.size'
' '
13:24:22 **** Incremental Build of configuration Debug for project ov7670_udp ****
make all 
make: Nothing to be done for `all'.
13:27:13 **** Incremental Build of configuration Debug for project ov7670_udp ****
make all 
make: Nothing to be done for `all'.
